ARM Linker, RVCT4.0 [Build 728] [Standard]

==============================================================================

Section Cross References

    startup_lpc17xx.o(STACK) refers (Special) to heapauxi.o(.text) for __use_two_region_memory
    startup_lpc17xx.o(HEAP) refers (Special) to heapauxi.o(.text) for __use_two_region_memory
    startup_lpc17xx.o(RESET) refers (Special) to heapauxi.o(.text) for __use_two_region_memory
    startup_lpc17xx.o(RESET) refers to startup_lpc17xx.o(STACK) for __initial_sp
    startup_lpc17xx.o(RESET) refers to startup_lpc17xx.o(.text) for Reset_Handler
    startup_lpc17xx.o(RESET) refers to timer.o(.text) for TIMER0_IRQHandler
    startup_lpc17xx.o(RESET) refers to uart.o(.text) for UART3_IRQHandler
    startup_lpc17xx.o(RESET) refers to usbhw.o(.text) for USB_IRQHandler
    startup_lpc17xx.o(.ARM.__at_0x02FC) refers (Special) to heapauxi.o(.text) for __use_two_region_memory
    startup_lpc17xx.o(.text) refers (Special) to heapauxi.o(.text) for __use_two_region_memory
    startup_lpc17xx.o(.text) refers to __main.o(!!!main) for __main
    startup_lpc17xx.o(.text) refers to startup_lpc17xx.o(HEAP) for Heap_Mem
    startup_lpc17xx.o(.text) refers to startup_lpc17xx.o(STACK) for Stack_Mem
    system_lpc17xx.o(.text) refers to system_lpc17xx.o(.data) for SystemCoreClock
    debug_frmwrk.o(.text) refers to lpc17xx_uart.o(.text) for UART_Send
    debug_frmwrk.o(.text) refers to lpc17xx_pinsel.o(.text) for PINSEL_ConfigPin
    debug_frmwrk.o(.text) refers to debug_frmwrk.o(.data) for _db_msg
    lpc17xx_adc.o(.text) refers to main.o(.text) for check_failed
    lpc17xx_adc.o(.text) refers to lpc17xx_clkpwr.o(.text) for CLKPWR_ConfigPPWR
    lpc17xx_can.o(.text) refers to main.o(.text) for check_failed
    lpc17xx_can.o(.text) refers to lpc17xx_clkpwr.o(.text) for CLKPWR_GetPCLK
    lpc17xx_can.o(.text) refers to lpc17xx_can.o(.data) for FULLCAN_ENABLE
    lpc17xx_clkpwr.o(.text) refers to system_lpc17xx.o(.data) for SystemCoreClock
    lpc17xx_dac.o(.text) refers to main.o(.text) for check_failed
    lpc17xx_emac.o(.text) refers to lpc17xx_clkpwr.o(.text) for CLKPWR_ConfigPPWR
    lpc17xx_emac.o(.text) refers to lpc17xx_emac.o(.bss) for .bss
    lpc17xx_emac.o(.text) refers to system_lpc17xx.o(.data) for SystemCoreClock
    lpc17xx_emac.o(.text) refers to lpc17xx_emac.o(.constdata) for EMAC_clkdiv
    lpc17xx_gpdma.o(.text) refers to lpc17xx_clkpwr.o(.text) for CLKPWR_ConfigPPWR
    lpc17xx_gpdma.o(.text) refers to main.o(.text) for check_failed
    lpc17xx_gpdma.o(.text) refers to lpc17xx_gpdma.o(.data) for pGPDMACh
    lpc17xx_gpdma.o(.text) refers to lpc17xx_gpdma.o(.constdata) for GPDMA_LUTPerBurst
    lpc17xx_i2c.o(.text) refers to main.o(.text) for check_failed
    lpc17xx_i2c.o(.text) refers to lpc17xx_clkpwr.o(.text) for CLKPWR_GetPCLK
    lpc17xx_i2c.o(.text) refers to lpc17xx_i2c.o(.bss) for .bss
    lpc17xx_i2c.o(.text) refers to lpc17xx_i2c.o(.data) for .data
    lpc17xx_i2s.o(.text) refers to main.o(.text) for check_failed
    lpc17xx_i2s.o(.text) refers to lpc17xx_clkpwr.o(.text) for CLKPWR_ConfigPPWR
    lpc17xx_i2s.o(.text) refers to lludivv7m.o(.text) for __aeabi_uldivmod
    lpc17xx_iap.o(.text) refers to lpc17xx_iap.o(.data) for iap_entry
    lpc17xx_iap.o(.text) refers to system_lpc17xx.o(.data) for SystemCoreClock
    lpc17xx_mcpwm.o(.text) refers to lpc17xx_clkpwr.o(.text) for CLKPWR_ConfigPPWR
    lpc17xx_pwm.o(.text) refers to main.o(.text) for check_failed
    lpc17xx_pwm.o(.text) refers to lpc17xx_clkpwr.o(.text) for CLKPWR_ConfigPPWR
    lpc17xx_pwm.o(.text) refers to lludivv7m.o(.text) for __aeabi_uldivmod
    lpc17xx_qei.o(.text) refers to main.o(.text) for check_failed
    lpc17xx_qei.o(.text) refers to lpc17xx_clkpwr.o(.text) for CLKPWR_ConfigPPWR
    lpc17xx_qei.o(.text) refers to lludivv7m.o(.text) for __aeabi_uldivmod
    lpc17xx_rit.o(.text) refers to main.o(.text) for check_failed
    lpc17xx_rit.o(.text) refers to lpc17xx_clkpwr.o(.text) for CLKPWR_ConfigPPWR
    lpc17xx_rtc.o(.text) refers to main.o(.text) for check_failed
    lpc17xx_rtc.o(.text) refers to lpc17xx_clkpwr.o(.text) for CLKPWR_ConfigPPWR
    lpc17xx_spi.o(.text) refers to main.o(.text) for check_failed
    lpc17xx_spi.o(.text) refers to lpc17xx_clkpwr.o(.text) for CLKPWR_GetPCLK
    lpc17xx_ssp.o(.text) refers to main.o(.text) for check_failed
    lpc17xx_ssp.o(.text) refers to lpc17xx_clkpwr.o(.text) for CLKPWR_GetPCLK
    lpc17xx_systick.o(.text) refers to fflt_clz.o(x$fpl$ffltu) for __aeabi_ui2f
    lpc17xx_systick.o(.text) refers to frleqf.o(x$fpl$frleqf) for __aeabi_cfrcmple
    lpc17xx_systick.o(.text) refers to main.o(.text) for check_failed
    lpc17xx_systick.o(.text) refers to system_lpc17xx.o(.data) for SystemCoreClock
    lpc17xx_timer.o(.text) refers to lpc17xx_clkpwr.o(.text) for CLKPWR_GetPCLK
    lpc17xx_timer.o(.text) refers to lludivv7m.o(.text) for __aeabi_uldivmod
    lpc17xx_timer.o(.text) refers to main.o(.text) for check_failed
    lpc17xx_uart.o(.text) refers to lpc17xx_clkpwr.o(.text) for CLKPWR_GetPCLK
    lpc17xx_uart.o(.text) refers to lludivv7m.o(.text) for __aeabi_uldivmod
    lpc17xx_uart.o(.text) refers to main.o(.text) for check_failed
    lpc17xx_wdt.o(.text) refers to lludivv7m.o(.text) for __aeabi_uldivmod
    lpc17xx_wdt.o(.text) refers to lpc17xx_clkpwr.o(.text) for CLKPWR_SetPCLKDiv
    lpc17xx_wdt.o(.text) refers to main.o(.text) for check_failed
    lpc17xx_wdt.o(.text) refers to system_lpc17xx.o(.data) for SystemCoreClock
    hiduser.o(.text) refers to uart.o(.text) for UART3SendData
    hiduser.o(.text) refers to hidio.o(.text) for SetOutFrame
    hiduser.o(.text) refers to usbcore.o(.data) for SetupPacket
    hiduser.o(.text) refers to hiduser.o(.data) for HID_IdleTime
    hiduser.o(.text) refers to usbcore.o(.bss) for EP0Buf
    usbcore.o(.text) refers to usbhw.o(.text) for USB_ReadEP
    usbcore.o(.text) refers to usbcore.o(i.USB_ReqGetStatus) for USB_ReqGetStatus
    usbcore.o(.text) refers to usbcore.o(i.USB_ReqSetClrFeature) for USB_ReqSetClrFeature
    usbcore.o(.text) refers to usbcore.o(i.USB_ReqGetDescriptor) for USB_ReqGetDescriptor
    usbcore.o(.text) refers to usbcore.o(i.USB_ReqSetConfiguration) for USB_ReqSetConfiguration
    usbcore.o(.text) refers to usbuser.o(.text) for USB_Configure_Event
    usbcore.o(.text) refers to usbcore.o(i.USB_ReqSetInterface) for USB_ReqSetInterface
    usbcore.o(.text) refers to hiduser.o(.text) for HID_GetReport
    usbcore.o(.text) refers to usbcore.o(.data) for USB_DeviceStatus
    usbcore.o(.text) refers to usbcore.o(.bss) for EP0Buf
    usbhw.o(.text) refers to usbuser.o(.text) for USB_Reset_Event
    usbhw.o(.text) refers to usbcore.o(.data) for USB_DeviceStatus
    usbhw.o(.text) refers to usbuser.o(.constdata) for USB_P_EP
    usbuser.o(.text) refers to usbcore.o(.text) for USB_ResetCore
    usbuser.o(.text) refers to uart.o(.text) for UART3SendData
    usbuser.o(.text) refers to usbhw.o(.text) for USB_WriteEP
    usbuser.o(.text) refers to usbcore.o(.data) for USB_Configuration
    usbuser.o(.text) refers to hidio.o(.data) for gInFrame
    usbuser.o(.constdata) refers to usbcore.o(.text) for USB_EndPoint0
    usbuser.o(.constdata) refers to usbuser.o(.text) for USB_EndPoint1
    main.o(.text) refers to system_lpc17xx.o(.text) for SystemInit
    main.o(.text) refers to lpc17xx_nvic.o(.text) for NVIC_DeInit
    main.o(.text) refers to uart.o(.text) for UartInit
    main.o(.text) refers to usbhw.o(.text) for USB_Init
    main.o(.text) refers to hidio.o(.text) for InitInFrame
    main.o(.text) refers to dispose.o(.text) for Dispose
    dispose.o(.text) refers to hidio.o(.text) for SendInFrameToEndpoint
    dispose.o(.text) refers to uart.o(.text) for UART3SendData
    dispose.o(.text) refers to uart.o(.bss) for FifoBuff
    dispose.o(.text) refers to uart.o(.data) for FifoTail
    dispose.o(.text) refers to dispose.o(.data) for .data
    dispose.o(.text) refers to hidio.o(.data) for gInFrame
    key.o(.text) refers to hidio.o(.text) for SetInFrame
    key.o(.text) refers to gpio.o(.text) for SetPinValue
    key.o(.text) refers to spi.o(.text) for SPIReadOneByte
    key.o(.text) refers to key.o(.data) for .data
    key.o(.text) refers to key.o(.constdata) for KeyCodeNum
    key.o(.text) refers to key.o(.bss) for .bss
    key.o(.text) refers to adc.o(.text) for StartADC
    gpio.o(.text) refers to lpc17xx_gpio.o(.text) for FIO_SetDir
    pwm.o(.text) refers to lpc17xx_pinsel.o(.text) for PINSEL_ConfigPin
    pwm.o(.text) refers to lpc17xx_pwm.o(.text) for PWM_Init
    pwm.o(.text) refers to fdiv.o(x$fpl$fdiv) for __aeabi_fdiv
    pwm.o(.text) refers to ffixu.o(x$fpl$ffixu) for __aeabi_f2uiz
    pwm.o(.text) refers to pwm.o(.data) for pwm_flag
    timer.o(.text) refers to lpc17xx_timer.o(.text) for TIM_Init
    timer.o(.text) refers to uart.o(.text) for UART3SendData
    timer.o(.text) refers to timer.o(.data) for timer_value
    uart.o(.text) refers to lpc17xx_pinsel.o(.text) for PINSEL_ConfigPin
    uart.o(.text) refers to lpc17xx_uart.o(.text) for UART_Init
    uart.o(.text) refers to uart.o(.data) for FifoHead
    uart.o(.text) refers to uart.o(.bss) for FifoBuff
    spi.o(.text) refers to lpc17xx_pinsel.o(.text) for PINSEL_ConfigPin
    spi.o(.text) refers to lpc17xx_gpio.o(.text) for GPIO_SetDir
    spi.o(.text) refers to lpc17xx_ssp.o(.text) for SSP_Init
    adc.o(.text) refers to lpc17xx_pinsel.o(.text) for PINSEL_ConfigPin
    adc.o(.text) refers to lpc17xx_adc.o(.text) for ADC_Init
    iic.o(.text) refers to lpc17xx_pinsel.o(.text) for PINSEL_ConfigPin
    iic.o(.text) refers to lpc17xx_i2c.o(.text) for I2C_Init
    hidio.o(.text) refers to usbhw.o(.text) for USB_WriteEP
    hidio.o(.text) refers to hidio.o(.data) for gInFrame
    hidio.o(.text) refers to usbcore.o(.bss) for EP0Buf
    __main.o(!!!main) refers to rtentry.o(.ARM.Collect$$rtentry$$00000000) for __rt_entry
    fdiv.o(x$fpl$frdiv) refers (Special) to usenofp.o(x$fpl$usenofp) for __I$use$fp
    fdiv.o(x$fpl$frdiv) refers (Special) to fnorm2_clz.o(x$fpl$fnorm2) for __fpl_normalise2
    fdiv.o(x$fpl$frdiv) refers (Special) to funder.o(x$fpl$funder) for __funder
    fdiv.o(x$fpl$frdiv) refers to fdiv.o(x$fpl$fdiv) for _fdiv1
    fdiv.o(x$fpl$fdiv) refers (Special) to usenofp.o(x$fpl$usenofp) for __I$use$fp
    fdiv.o(x$fpl$fdiv) refers (Special) to fnorm2_clz.o(x$fpl$fnorm2) for __fpl_normalise2
    fdiv.o(x$fpl$fdiv) refers (Special) to funder.o(x$fpl$funder) for __funder
    fdiv.o(x$fpl$fdiv) refers to fcheck.o(x$fpl$fcheck) for __fpl_fcheck_NaN2
    ffixu.o(x$fpl$ffixu) refers (Special) to usenofp.o(x$fpl$usenofp) for __I$use$fp
    ffixu.o(x$fpl$ffixu) refers to fcheck1.o(x$fpl$fcheck1) for __fpl_fcheck_NaN1
    ffixu.o(x$fpl$ffixur) refers (Special) to usenofp.o(x$fpl$usenofp) for __I$use$fp
    ffixu.o(x$fpl$ffixur) refers to fcheck1.o(x$fpl$fcheck1) for __fpl_fcheck_NaN1
    fflt_clz.o(x$fpl$ffltu) refers (Special) to usenofp.o(x$fpl$usenofp) for __I$use$fp
    fflt_clz.o(x$fpl$ffltu) refers to fflt_clz.o(x$fpl$fflt) for __fflt_normalise
    fflt_clz.o(x$fpl$fflt) refers (Special) to usenofp.o(x$fpl$usenofp) for __I$use$fp
    frleqf.o(x$fpl$frleqf) refers (Special) to usenofp.o(x$fpl$usenofp) for __I$use$fp
    frleqf.o(x$fpl$frleqf) refers to fcmpin.o(x$fpl$dcmpinfnan) for __fpl_fcmp_InfNaN
    rtentry.o(.ARM.Collect$$rtentry$$00000000) refers (Special) to rtentry2.o(.ARM.Collect$$rtentry$$0000000A) for __rt_entry_li
    rtentry.o(.ARM.Collect$$rtentry$$00000000) refers (Special) to rtentry2.o(.ARM.Collect$$rtentry$$0000000D) for __rt_entry_main
    rtentry.o(.ARM.Collect$$rtentry$$00000000) refers (Special) to rtentry2.o(.ARM.Collect$$rtentry$$0000000C) for __rt_entry_postli_1
    rtentry.o(.ARM.Collect$$rtentry$$00000000) refers (Special) to rtentry2.o(.ARM.Collect$$rtentry$$00000009) for __rt_entry_postsh_1
    rtentry.o(.ARM.Collect$$rtentry$$00000000) refers (Special) to rtentry2.o(.ARM.Collect$$rtentry$$00000002) for __rt_entry_presh_1
    rtentry.o(.ARM.Collect$$rtentry$$00000000) refers (Special) to rtentry4.o(.ARM.Collect$$rtentry$$00000004) for __rt_entry_sh
    rtentry.o(.ARM.exidx) refers (Special) to rtentry2.o(.ARM.Collect$$rtentry$$0000000A) for __rt_entry_li
    rtentry.o(.ARM.exidx) refers (Special) to rtentry2.o(.ARM.Collect$$rtentry$$0000000D) for __rt_entry_main
    rtentry.o(.ARM.exidx) refers (Special) to rtentry2.o(.ARM.Collect$$rtentry$$0000000C) for __rt_entry_postli_1
    rtentry.o(.ARM.exidx) refers (Special) to rtentry2.o(.ARM.Collect$$rtentry$$00000009) for __rt_entry_postsh_1
    rtentry.o(.ARM.exidx) refers (Special) to rtentry2.o(.ARM.Collect$$rtentry$$00000002) for __rt_entry_presh_1
    rtentry.o(.ARM.exidx) refers (Special) to rtentry4.o(.ARM.Collect$$rtentry$$00000004) for __rt_entry_sh
    rtentry.o(.ARM.exidx) refers to rtentry.o(.ARM.Collect$$rtentry$$00000000) for .ARM.Collect$$rtentry$$00000000
    aeabi_ldiv0_sigfpe.o(.text) refers to rt_div0.o(.text) for __rt_div0
    fcheck.o(x$fpl$fcheck) refers (Special) to usenofp.o(x$fpl$usenofp) for __I$use$fp
    fcheck.o(x$fpl$fcheck) refers to retnan.o(x$fpl$retnan) for __fpl_return_NaN
    fcheck1.o(x$fpl$fcheck1) refers (Special) to usenofp.o(x$fpl$usenofp) for __I$use$fp
    fcheck1.o(x$fpl$fcheck1) refers to retnan.o(x$fpl$retnan) for __fpl_return_NaN
    fcmpin.o(x$fpl$dcmpinfnan) refers (Special) to usenofp.o(x$fpl$usenofp) for __I$use$fp
    fcmpin.o(x$fpl$dcmpinfnan) refers to fcheck.o(x$fpl$fcheck) for __fpl_fcheck_NaN2
    fcmpin.o(x$fpl$dcmpinfnan) refers to trapv.o(x$fpl$trapveneer) for __fpl_cmpreturn
    fnorm2_clz.o(x$fpl$fnorm2) refers (Special) to usenofp.o(x$fpl$usenofp) for __I$use$fp
    funder.o(x$fpl$funder) refers (Special) to usenofp.o(x$fpl$usenofp) for __I$use$fp
    rtentry2.o(.ARM.Collect$$rtentry$$00000008) refers to boardinit2.o(.text) for _platform_post_stackheap_init
    rtentry2.o(.ARM.Collect$$rtentry$$0000000A) refers to libinit.o(.ARM.Collect$$libinit$$00000000) for __rt_lib_init
    rtentry2.o(.ARM.Collect$$rtentry$$0000000B) refers to boardinit3.o(.text) for _platform_post_lib_init
    rtentry2.o(.ARM.Collect$$rtentry$$0000000D) refers to main.o(.text) for main
    rtentry2.o(.ARM.Collect$$rtentry$$0000000D) refers to exit.o(.text) for exit
    rtentry2.o(.ARM.exidx) refers to rtentry2.o(.ARM.Collect$$rtentry$$00000001) for .ARM.Collect$$rtentry$$00000001
    rtentry2.o(.ARM.exidx) refers to rtentry2.o(.ARM.Collect$$rtentry$$00000002) for .ARM.Collect$$rtentry$$00000002
    rtentry2.o(.ARM.exidx) refers to rtentry2.o(.ARM.Collect$$rtentry$$00000008) for .ARM.Collect$$rtentry$$00000008
    rtentry2.o(.ARM.exidx) refers to rtentry2.o(.ARM.Collect$$rtentry$$00000009) for .ARM.Collect$$rtentry$$00000009
    rtentry2.o(.ARM.exidx) refers to rtentry2.o(.ARM.Collect$$rtentry$$0000000A) for .ARM.Collect$$rtentry$$0000000A
    rtentry2.o(.ARM.exidx) refers to rtentry2.o(.ARM.Collect$$rtentry$$0000000B) for .ARM.Collect$$rtentry$$0000000B
    rtentry2.o(.ARM.exidx) refers to rtentry2.o(.ARM.Collect$$rtentry$$0000000C) for .ARM.Collect$$rtentry$$0000000C
    rtentry2.o(.ARM.exidx) refers to rtentry2.o(.ARM.Collect$$rtentry$$0000000D) for .ARM.Collect$$rtentry$$0000000D
    rtentry4.o(.ARM.Collect$$rtentry$$00000004) refers to sys_stackheap_outer.o(.text) for __user_setup_stackheap
    rtentry4.o(.ARM.exidx) refers to rtentry4.o(.ARM.Collect$$rtentry$$00000004) for .ARM.Collect$$rtentry$$00000004
    rt_div0.o(.text) refers to defsig_fpe_outer.o(.text) for __rt_SIGFPE
    retnan.o(x$fpl$retnan) refers (Special) to usenofp.o(x$fpl$usenofp) for __I$use$fp
    retnan.o(x$fpl$retnan) refers to trapv.o(x$fpl$trapveneer) for __fpl_cmpreturn
    trapv.o(x$fpl$trapveneer) refers (Special) to usenofp.o(x$fpl$usenofp) for __I$use$fp
    sys_stackheap_outer.o(.text) refers to libspace.o(.text) for __user_perproc_libspace
    sys_stackheap_outer.o(.text) refers to startup_lpc17xx.o(.text) for __user_initial_stackheap
    exit.o(.text) refers to rtexit.o(.ARM.Collect$$rtexit$$00000000) for __rt_exit
    defsig_fpe_outer.o(.text) refers to defsig_fpe_inner.o(.text) for __rt_SIGFPE_inner
    defsig_fpe_outer.o(.text) refers to defsig_exit.o(.text) for __sig_exit
    defsig_fpe_formal.o(.text) refers to rt_raise.o(.text) for __rt_raise
    libinit.o(.ARM.Collect$$libinit$$00000000) refers (Special) to libinit2.o(.ARM.Collect$$libinit$$0000002A) for __rt_lib_init_alloca_1
    libinit.o(.ARM.Collect$$libinit$$00000000) refers (Special) to libinit2.o(.ARM.Collect$$libinit$$00000028) for __rt_lib_init_argv_1
    libinit.o(.ARM.Collect$$libinit$$00000000) refers (Special) to libinit2.o(.ARM.Collect$$libinit$$00000017) for __rt_lib_init_atexit_1
    libinit.o(.ARM.Collect$$libinit$$00000000) refers (Special) to libinit2.o(.ARM.Collect$$libinit$$0000001D) for __rt_lib_init_clock_1
    libinit.o(.ARM.Collect$$libinit$$00000000) refers (Special) to libinit2.o(.ARM.Collect$$libinit$$0000002E) for __rt_lib_init_cpp_1
    libinit.o(.ARM.Collect$$libinit$$00000000) refers (Special) to libinit2.o(.ARM.Collect$$libinit$$0000002C) for __rt_lib_init_exceptions_1
    libinit.o(.ARM.Collect$$libinit$$00000000) refers (Special) to libinit2.o(.ARM.Collect$$libinit$$0000001B) for __rt_lib_init_fp_trap_1
    libinit.o(.ARM.Collect$$libinit$$00000000) refers (Special) to libinit2.o(.ARM.Collect$$libinit$$0000001F) for __rt_lib_init_getenv_1
    libinit.o(.ARM.Collect$$libinit$$00000000) refers (Special) to libinit2.o(.ARM.Collect$$libinit$$00000006) for __rt_lib_init_heap_1
    libinit.o(.ARM.Collect$$libinit$$00000000) refers (Special) to libinit2.o(.ARM.Collect$$libinit$$0000000D) for __rt_lib_init_lc_collate_1
    libinit.o(.ARM.Collect$$libinit$$00000000) refers (Special) to libinit2.o(.ARM.Collect$$libinit$$0000000F) for __rt_lib_init_lc_ctype_1
    libinit.o(.ARM.Collect$$libinit$$00000000) refers (Special) to libinit2.o(.ARM.Collect$$libinit$$00000011) for __rt_lib_init_lc_monetary_1
    libinit.o(.ARM.Collect$$libinit$$00000000) refers (Special) to libinit2.o(.ARM.Collect$$libinit$$00000013) for __rt_lib_init_lc_numeric_1
    libinit.o(.ARM.Collect$$libinit$$00000000) refers (Special) to libinit2.o(.ARM.Collect$$libinit$$00000015) for __rt_lib_init_lc_time_1
    libinit.o(.ARM.Collect$$libinit$$00000000) refers (Special) to libinit2.o(.ARM.Collect$$libinit$$0000000A) for __rt_lib_init_rand_1
    libinit.o(.ARM.Collect$$libinit$$00000000) refers (Special) to libinit2.o(.ARM.Collect$$libinit$$0000002F) for __rt_lib_init_return
    libinit.o(.ARM.Collect$$libinit$$00000000) refers (Special) to libinit2.o(.ARM.Collect$$libinit$$00000019) for __rt_lib_init_signal_1
    libinit.o(.ARM.Collect$$libinit$$00000000) refers (Special) to libinit2.o(.ARM.Collect$$libinit$$00000021) for __rt_lib_init_stdio_1
    libinit.o(.ARM.Collect$$libinit$$00000000) refers (Special) to libinit2.o(.ARM.Collect$$libinit$$00000008) for __rt_lib_init_user_alloc_1
    libinit.o(.ARM.Collect$$libinit$$00000000) refers to fpinit.o(x$fpl$fpinit) for _fp_init
    libspace.o(.text) refers to libspace.o(.bss) for __libspace_start
    rtexit.o(.ARM.Collect$$rtexit$$00000000) refers (Special) to rtexit2.o(.ARM.Collect$$rtexit$$00000004) for __rt_exit_exit
    rtexit.o(.ARM.Collect$$rtexit$$00000000) refers (Special) to rtexit2.o(.ARM.Collect$$rtexit$$00000003) for __rt_exit_ls
    rtexit.o(.ARM.Collect$$rtexit$$00000000) refers (Special) to rtexit2.o(.ARM.Collect$$rtexit$$00000002) for __rt_exit_prels_1
    rtexit.o(.ARM.exidx) refers (Special) to rtexit2.o(.ARM.Collect$$rtexit$$00000004) for __rt_exit_exit
    rtexit.o(.ARM.exidx) refers (Special) to rtexit2.o(.ARM.Collect$$rtexit$$00000003) for __rt_exit_ls
    rtexit.o(.ARM.exidx) refers (Special) to rtexit2.o(.ARM.Collect$$rtexit$$00000002) for __rt_exit_prels_1
    rtexit.o(.ARM.exidx) refers to rtexit.o(.ARM.Collect$$rtexit$$00000000) for .ARM.Collect$$rtexit$$00000000
    rt_raise.o(.text) refers to __raise.o(.text) for __raise
    rt_raise.o(.text) refers to sys_exit.o(.text) for _sys_exit
    defsig_exit.o(.text) refers to sys_exit.o(.text) for _sys_exit
    defsig_fpe_inner.o(.text) refers to defsig_general.o(.text) for __default_signal_display
    libinit2.o(.ARM.Collect$$libinit$$0000000C) refers to libinit2.o(.ARM.Collect$$libinit$$0000000B) for .ARM.Collect$$libinit$$0000000B
    libinit2.o(.ARM.Collect$$libinit$$0000000E) refers to libinit2.o(.ARM.Collect$$libinit$$0000000B) for .ARM.Collect$$libinit$$0000000B
    libinit2.o(.ARM.Collect$$libinit$$00000010) refers to libinit2.o(.ARM.Collect$$libinit$$0000000B) for .ARM.Collect$$libinit$$0000000B
    libinit2.o(.ARM.Collect$$libinit$$00000012) refers to libinit2.o(.ARM.Collect$$libinit$$0000000B) for .ARM.Collect$$libinit$$0000000B
    libinit2.o(.ARM.Collect$$libinit$$00000014) refers to libinit2.o(.ARM.Collect$$libinit$$0000000B) for .ARM.Collect$$libinit$$0000000B
    libinit2.o(.ARM.Collect$$libinit$$00000022) refers to argv_veneer.o(.emb_text) for __ARM_argv_veneer
    libinit2.o(.ARM.Collect$$libinit$$00000023) refers to argv_veneer.o(.emb_text) for __ARM_argv_veneer
    fpinit.o(x$fpl$fpinit) refers to rt_fp_status_addr_intlibspace.o(.text) for __rt_fp_status_addr
    sys_exit.o(.text) refers to use_no_semi.o(.text) for __I$use$semihosting
    rtexit2.o(.ARM.Collect$$rtexit$$00000003) refers to libshutdown.o(.ARM.Collect$$libshutdown$$00000000) for __rt_lib_shutdown
    rtexit2.o(.ARM.Collect$$rtexit$$00000004) refers to sys_exit.o(.text) for _sys_exit
    rtexit2.o(.ARM.exidx) refers to rtexit2.o(.ARM.Collect$$rtexit$$00000001) for .ARM.Collect$$rtexit$$00000001
    rtexit2.o(.ARM.exidx) refers to rtexit2.o(.ARM.Collect$$rtexit$$00000002) for .ARM.Collect$$rtexit$$00000002
    rtexit2.o(.ARM.exidx) refers to rtexit2.o(.ARM.Collect$$rtexit$$00000003) for .ARM.Collect$$rtexit$$00000003
    rtexit2.o(.ARM.exidx) refers to rtexit2.o(.ARM.Collect$$rtexit$$00000004) for .ARM.Collect$$rtexit$$00000004
    rt_fp_status_addr.o(.text) refers to rt_fp_status_addr.o(.bss) for __rt_fp_status_addr_data
    rt_fp_status_addr_intlibspace.o(.text) refers to libspace.o(.bss) for __libspace_start
    __raise.o(.text) refers to defsig.o(CL$$defsig) for __default_signal_handler
    defsig_general.o(.text) refers to sys_wrch.o(.text) for _ttywrch
    argv_veneer.o(.emb_text) refers to no_argv.o(.text) for __ARM_get_argv
    sys_wrch.o(.text) refers (Special) to use_no_semi.o(.text) for __I$use$semihosting
    defsig.o(CL$$defsig) refers to defsig_fpe_inner.o(.text) for __rt_SIGFPE_inner
    defsig.o(CL$$defsig) refers to defsig_rtmem_inner.o(.text) for __rt_SIGRTMEM_inner
    _get_argv_nomalloc.o(.text) refers (Special) to hrguard.o(.text) for __heap_region$guard
    _get_argv_nomalloc.o(.text) refers to defsig_rtmem_outer.o(.text) for __rt_SIGRTMEM
    _get_argv_nomalloc.o(.text) refers to sys_command.o(.text) for _sys_command_string
    libshutdown.o(.ARM.Collect$$libshutdown$$00000000) refers (Special) to libshutdown2.o(.ARM.Collect$$libshutdown$$00000006) for __rt_lib_shutdown_fp_trap_1
    libshutdown.o(.ARM.Collect$$libshutdown$$00000000) refers (Special) to libshutdown2.o(.ARM.Collect$$libshutdown$$0000000E) for __rt_lib_shutdown_heap_1
    libshutdown.o(.ARM.Collect$$libshutdown$$00000000) refers (Special) to libshutdown2.o(.ARM.Collect$$libshutdown$$0000000F) for __rt_lib_shutdown_return
    libshutdown.o(.ARM.Collect$$libshutdown$$00000000) refers (Special) to libshutdown2.o(.ARM.Collect$$libshutdown$$00000009) for __rt_lib_shutdown_signal_1
    libshutdown.o(.ARM.Collect$$libshutdown$$00000000) refers (Special) to libshutdown2.o(.ARM.Collect$$libshutdown$$00000003) for __rt_lib_shutdown_stdio_1
    libshutdown.o(.ARM.Collect$$libshutdown$$00000000) refers (Special) to libshutdown2.o(.ARM.Collect$$libshutdown$$0000000B) for __rt_lib_shutdown_user_alloc_1
    sys_command.o(.text) refers (Special) to use_no_semi.o(.text) for __I$use$semihosting
    defsig_abrt_inner.o(.text) refers to defsig_general.o(.text) for __default_signal_display
    defsig_rtred_inner.o(.text) refers to defsig_general.o(.text) for __default_signal_display
    defsig_rtmem_inner.o(.text) refers to defsig_general.o(.text) for __default_signal_display
    defsig_rtmem_outer.o(.text) refers to defsig_rtmem_inner.o(.text) for __rt_SIGRTMEM_inner
    defsig_rtmem_outer.o(.text) refers to defsig_exit.o(.text) for __sig_exit
    defsig_rtmem_formal.o(.text) refers to rt_raise.o(.text) for __rt_raise
    defsig_stak_inner.o(.text) refers to defsig_general.o(.text) for __default_signal_display
    defsig_pvfn_inner.o(.text) refers to defsig_general.o(.text) for __default_signal_display
    defsig_cppl_inner.o(.text) refers to defsig_general.o(.text) for __default_signal_display
    defsig_segv_inner.o(.text) refers to defsig_general.o(.text) for __default_signal_display
    defsig_other.o(.text) refers to defsig_general.o(.text) for __default_signal_display
    usbcore.o(i.USB_ReqGetStatus) refers to usbcore.o(.data) for SetupPacket
    usbcore.o(i.USB_ReqGetStatus) refers to usbcore.o(.bss) for EP0Buf
    usbcore.o(i.USB_ReqSetClrFeature) refers to usbhw.o(.text) for USB_WakeUpCfg
    usbcore.o(i.USB_ReqSetClrFeature) refers to usbcore.o(.data) for SetupPacket
    usbcore.o(i.USB_ReqGetDescriptor) refers to usbcore.o(.data) for SetupPacket
    usbcore.o(i.USB_ReqGetDescriptor) refers to usbdesc.o(.constdata) for USB_DeviceDescriptor
    usbcore.o(i.USB_ReqSetConfiguration) refers to usbhw.o(.text) for USB_DisableEP
    usbcore.o(i.USB_ReqSetConfiguration) refers to usbcore.o(.data) for SetupPacket
    usbcore.o(i.USB_ReqSetConfiguration) refers to usbdesc.o(.constdata) for USB_ConfigDescriptor
    usbcore.o(i.USB_ReqSetInterface) refers to usbhw.o(.text) for USB_ConfigEP
    usbcore.o(i.USB_ReqSetInterface) refers to usbcore.o(.data) for SetupPacket
    usbcore.o(i.USB_ReqSetInterface) refers to usbdesc.o(.constdata) for USB_ConfigDescriptor


==============================================================================

Removing Unused input sections from the image.

    Removing debug_frmwrk.o(.text), (1092 bytes).
    Removing debug_frmwrk.o(.data), (40 bytes).
    Removing lpc17xx_adc.o(.text), (828 bytes).
    Removing lpc17xx_can.o(.text), (8004 bytes).
    Removing lpc17xx_can.o(.data), (11 bytes).
    Removing lpc17xx_dac.o(.text), (244 bytes).
    Removing lpc17xx_emac.o(.text), (1744 bytes).
    Removing lpc17xx_emac.o(.bss), (10852 bytes).
    Removing lpc17xx_emac.o(.constdata), (15 bytes).
    Removing lpc17xx_exti.o(.text), (184 bytes).
    Removing lpc17xx_gpdma.o(.text), (1016 bytes).
    Removing lpc17xx_gpdma.o(.constdata), (48 bytes).
    Removing lpc17xx_gpdma.o(.data), (128 bytes).
    Removing lpc17xx_gpio.o(.text), (1112 bytes).
    Removing lpc17xx_i2c.o(.text), (2696 bytes).
    Removing lpc17xx_i2c.o(.bss), (48 bytes).
    Removing lpc17xx_i2c.o(.data), (4 bytes).
    Removing lpc17xx_i2s.o(.text), (2328 bytes).
    Removing lpc17xx_iap.o(.text), (464 bytes).
    Removing lpc17xx_iap.o(.data), (4 bytes).
    Removing lpc17xx_mcpwm.o(.text), (1032 bytes).
    Removing lpc17xx_pwm.o(.text), (1924 bytes).
    Removing lpc17xx_qei.o(.text), (1452 bytes).
    Removing lpc17xx_rit.o(.text), (368 bytes).
    Removing lpc17xx_rtc.o(.text), (2452 bytes).
    Removing lpc17xx_spi.o(.text), (896 bytes).
    Removing lpc17xx_ssp.o(.text), (1728 bytes).
    Removing lpc17xx_systick.o(.text), (388 bytes).
    Removing lpc17xx_wdt.o(.text), (616 bytes).
    Removing key.o(.text), (1564 bytes).
    Removing key.o(.bss), (12 bytes).
    Removing key.o(.constdata), (128 bytes).
    Removing key.o(.data), (100 bytes).
    Removing gpio.o(.text), (240 bytes).
    Removing pwm.o(.text), (360 bytes).
    Removing pwm.o(.data), (85 bytes).
    Removing spi.o(.text), (412 bytes).
    Removing adc.o(.text), (140 bytes).
    Removing iic.o(.text), (168 bytes).

39 unused section(s) (total 44927 bytes) removed from the image.

==============================================================================

Image Symbol Table

    Local Symbols

    Symbol Name                              Value     Ov Type        Size  Object(Section)

    RESET                                    0x00000000   Section      204  startup_lpc17xx.o(RESET)
    ../../angel/boardlib.s                   0x00000000   Number         0  boardinit2.o ABSOLUTE
    ../../angel/boardlib.s                   0x00000000   Number         0  boardinit1.o ABSOLUTE
    ../../angel/boardlib.s                   0x00000000   Number         0  boardshut.o ABSOLUTE
    ../../angel/boardlib.s                   0x00000000   Number         0  boardinit3.o ABSOLUTE
    ../../angel/handlers.s                   0x00000000   Number         0  __scatter_copy.o ABSOLUTE
    ../../angel/handlers.s                   0x00000000   Number         0  __scatter_zi.o ABSOLUTE
    ../../angel/kernel.s                     0x00000000   Number         0  rtexit2.o ABSOLUTE
    ../../angel/kernel.s                     0x00000000   Number         0  rtexit.o ABSOLUTE
    ../../angel/kernel.s                     0x00000000   Number         0  rtentry.o ABSOLUTE
    ../../angel/kernel.s                     0x00000000   Number         0  rtentry2.o ABSOLUTE
    ../../angel/kernel.s                     0x00000000   Number         0  rtentry4.o ABSOLUTE
    ../../angel/rt.s                         0x00000000   Number         0  aeabi_ldiv0.o ABSOLUTE
    ../../angel/rt.s                         0x00000000   Number         0  rt_raise.o ABSOLUTE
    ../../angel/rt.s                         0x00000000   Number         0  rt_fp_status_addr_intlibspace.o ABSOLUTE
    ../../angel/rt.s                         0x00000000   Number         0  aeabi_ldiv0_sigfpe.o ABSOLUTE
    ../../angel/rt.s                         0x00000000   Number         0  rt_div0.o ABSOLUTE
    ../../angel/rt.s                         0x00000000   Number         0  rt_fp_status_addr.o ABSOLUTE
    ../../angel/scatter.s                    0x00000000   Number         0  __scatter.o ABSOLUTE
    ../../angel/startup.s                    0x00000000   Number         0  __main.o ABSOLUTE
    ../../angel/sys.s                        0x00000000   Number         0  sys_exit.o ABSOLUTE
    ../../angel/sys.s                        0x00000000   Number         0  sys_stackheap_outer.o ABSOLUTE
    ../../angel/sys.s                        0x00000000   Number         0  use_no_semi.o ABSOLUTE
    ../../angel/sys.s                        0x00000000   Number         0  libspace.o ABSOLUTE
    ../../angel/sysapp.c                     0x00000000   Number         0  sys_command.o ABSOLUTE
    ../../angel/sysapp.c                     0x00000000   Number         0  sys_wrch.o ABSOLUTE
    ../../armsys.c                           0x00000000   Number         0  _get_argv_nomalloc.o ABSOLUTE
    ../../armsys.c                           0x00000000   Number         0  no_argv.o ABSOLUTE
    ../../armsys.c                           0x00000000   Number         0  argv_veneer.o ABSOLUTE
    ../../armsys.c                           0x00000000   Number         0  argv_veneer.o ABSOLUTE
    ../../fcheck.s                           0x00000000   Number         0  fcheck.o ABSOLUTE
    ../../fcheck1.s                          0x00000000   Number         0  fcheck1.o ABSOLUTE
    ../../fcmpin.s                           0x00000000   Number         0  fcmpin.o ABSOLUTE
    ../../fdiv.s                             0x00000000   Number         0  fdiv.o ABSOLUTE
    ../../ffixu.s                            0x00000000   Number         0  ffixu.o ABSOLUTE
    ../../fflt.s                             0x00000000   Number         0  fflt_clz.o ABSOLUTE
    ../../fnorm2.s                           0x00000000   Number         0  fnorm2_clz.o ABSOLUTE
    ../../fpinit.s                           0x00000000   Number         0  fpinit.o ABSOLUTE
    ../../frleqf.s                           0x00000000   Number         0  frleqf.o ABSOLUTE
    ../../funder.s                           0x00000000   Number         0  funder.o ABSOLUTE
    ../../heapalloc.c                        0x00000000   Number         0  hrguard.o ABSOLUTE
    ../../heapaux.c                          0x00000000   Number         0  heapauxi.o ABSOLUTE
    ../../libinit.s                          0x00000000   Number         0  libshutdown2.o ABSOLUTE
    ../../libinit.s                          0x00000000   Number         0  libinit.o ABSOLUTE
    ../../libinit.s                          0x00000000   Number         0  libinit2.o ABSOLUTE
    ../../libinit.s                          0x00000000   Number         0  libshutdown.o ABSOLUTE
    ../../longlong.s                         0x00000000   Number         0  lludivv7m.o ABSOLUTE
    ../../retnan.s                           0x00000000   Number         0  retnan.o ABSOLUTE
    ../../signal.c                           0x00000000   Number         0  defsig_segv_inner.o ABSOLUTE
    ../../signal.c                           0x00000000   Number         0  defsig_abrt_inner.o ABSOLUTE
    ../../signal.c                           0x00000000   Number         0  defsig_rtred_inner.o ABSOLUTE
    ../../signal.c                           0x00000000   Number         0  __raise.o ABSOLUTE
    ../../signal.c                           0x00000000   Number         0  defsig_general.o ABSOLUTE
    ../../signal.c                           0x00000000   Number         0  defsig_rtmem_inner.o ABSOLUTE
    ../../signal.c                           0x00000000   Number         0  defsig_stak_inner.o ABSOLUTE
    ../../signal.c                           0x00000000   Number         0  defsig_fpe_inner.o ABSOLUTE
    ../../signal.c                           0x00000000   Number         0  defsig_exit.o ABSOLUTE
    ../../signal.c                           0x00000000   Number         0  defsig_rtmem_outer.o ABSOLUTE
    ../../signal.c                           0x00000000   Number         0  defsig_fpe_outer.o ABSOLUTE
    ../../signal.c                           0x00000000   Number         0  defsig_fpe_formal.o ABSOLUTE
    ../../signal.c                           0x00000000   Number         0  defsig_rtmem_formal.o ABSOLUTE
    ../../signal.c                           0x00000000   Number         0  defsig_pvfn_inner.o ABSOLUTE
    ../../signal.c                           0x00000000   Number         0  defsig_cppl_inner.o ABSOLUTE
    ../../signal.c                           0x00000000   Number         0  defsig_other.o ABSOLUTE
    ../../signal.s                           0x00000000   Number         0  defsig.o ABSOLUTE
    ../../stdlib.c                           0x00000000   Number         0  exit.o ABSOLUTE
    ../../trapv.s                            0x00000000   Number         0  trapv.o ABSOLUTE
    ../../usenofp.s                          0x00000000   Number         0  usenofp.o ABSOLUTE
    ..\App\dispose.c                         0x00000000   Number         0  dispose.o ABSOLUTE
    ..\App\information.c                     0x00000000   Number         0  information.o ABSOLUTE
    ..\App\key.c                             0x00000000   Number         0  key.o ABSOLUTE
    ..\App\led.c                             0x00000000   Number         0  led.o ABSOLUTE
    ..\App\main.c                            0x00000000   Number         0  main.o ABSOLUTE
    ..\App\upgrade.c                         0x00000000   Number         0  upgrade.o ABSOLUTE
    ..\Bsp\adc.c                             0x00000000   Number         0  adc.o ABSOLUTE
    ..\Bsp\gpio.c                            0x00000000   Number         0  gpio.o ABSOLUTE
    ..\Bsp\hidio.c                           0x00000000   Number         0  hidio.o ABSOLUTE
    ..\Bsp\iic.c                             0x00000000   Number         0  iic.o ABSOLUTE
    ..\Bsp\pwm.c                             0x00000000   Number         0  pwm.o ABSOLUTE
    ..\Bsp\spi.c                             0x00000000   Number         0  spi.o ABSOLUTE
    ..\Bsp\timer.c                           0x00000000   Number         0  timer.o ABSOLUTE
    ..\Bsp\uart.c                            0x00000000   Number         0  uart.o ABSOLUTE
    ..\FWLIB\source\debug_frmwrk.c           0x00000000   Number         0  debug_frmwrk.o ABSOLUTE
    ..\FWLIB\source\lpc17xx_adc.c            0x00000000   Number         0  lpc17xx_adc.o ABSOLUTE
    ..\FWLIB\source\lpc17xx_can.c            0x00000000   Number         0  lpc17xx_can.o ABSOLUTE
    ..\FWLIB\source\lpc17xx_clkpwr.c         0x00000000   Number         0  lpc17xx_clkpwr.o ABSOLUTE
    ..\FWLIB\source\lpc17xx_dac.c            0x00000000   Number         0  lpc17xx_dac.o ABSOLUTE
    ..\FWLIB\source\lpc17xx_emac.c           0x00000000   Number         0  lpc17xx_emac.o ABSOLUTE
    ..\FWLIB\source\lpc17xx_exti.c           0x00000000   Number         0  lpc17xx_exti.o ABSOLUTE
    ..\FWLIB\source\lpc17xx_gpdma.c          0x00000000   Number         0  lpc17xx_gpdma.o ABSOLUTE
    ..\FWLIB\source\lpc17xx_gpio.c           0x00000000   Number         0  lpc17xx_gpio.o ABSOLUTE
    ..\FWLIB\source\lpc17xx_i2c.c            0x00000000   Number         0  lpc17xx_i2c.o ABSOLUTE
    ..\FWLIB\source\lpc17xx_i2s.c            0x00000000   Number         0  lpc17xx_i2s.o ABSOLUTE
    ..\FWLIB\source\lpc17xx_iap.c            0x00000000   Number         0  lpc17xx_iap.o ABSOLUTE
    ..\FWLIB\source\lpc17xx_mcpwm.c          0x00000000   Number         0  lpc17xx_mcpwm.o ABSOLUTE
    ..\FWLIB\source\lpc17xx_nvic.c           0x00000000   Number         0  lpc17xx_nvic.o ABSOLUTE
    ..\FWLIB\source\lpc17xx_pinsel.c         0x00000000   Number         0  lpc17xx_pinsel.o ABSOLUTE
    ..\FWLIB\source\lpc17xx_pwm.c            0x00000000   Number         0  lpc17xx_pwm.o ABSOLUTE
    ..\FWLIB\source\lpc17xx_qei.c            0x00000000   Number         0  lpc17xx_qei.o ABSOLUTE
    ..\FWLIB\source\lpc17xx_rit.c            0x00000000   Number         0  lpc17xx_rit.o ABSOLUTE
    ..\FWLIB\source\lpc17xx_rtc.c            0x00000000   Number         0  lpc17xx_rtc.o ABSOLUTE
    ..\FWLIB\source\lpc17xx_spi.c            0x00000000   Number         0  lpc17xx_spi.o ABSOLUTE
    ..\FWLIB\source\lpc17xx_ssp.c            0x00000000   Number         0  lpc17xx_ssp.o ABSOLUTE
    ..\FWLIB\source\lpc17xx_systick.c        0x00000000   Number         0  lpc17xx_systick.o ABSOLUTE
    ..\FWLIB\source\lpc17xx_timer.c          0x00000000   Number         0  lpc17xx_timer.o ABSOLUTE
    ..\FWLIB\source\lpc17xx_uart.c           0x00000000   Number         0  lpc17xx_uart.o ABSOLUTE
    ..\FWLIB\source\lpc17xx_wdt.c            0x00000000   Number         0  lpc17xx_wdt.o ABSOLUTE
    ..\USB\source\hiduser.c                  0x00000000   Number         0  hiduser.o ABSOLUTE
    ..\USB\source\usbcore.c                  0x00000000   Number         0  usbcore.o ABSOLUTE
    ..\USB\source\usbdesc.c                  0x00000000   Number         0  usbdesc.o ABSOLUTE
    ..\USB\source\usbhw.c                    0x00000000   Number         0  usbhw.o ABSOLUTE
    ..\USB\source\usbuser.c                  0x00000000   Number         0  usbuser.o ABSOLUTE
    ..\cmsis\system_LPC17xx.c                0x00000000   Number         0  system_lpc17xx.o ABSOLUTE
    dc.s                                     0x00000000   Number         0  dc.o ABSOLUTE
    startup_LPC17xx.s                        0x00000000   Number         0  startup_lpc17xx.o ABSOLUTE
    !!!main                                  0x000000cc   Section        8  __main.o(!!!main)
    !!!scatter                               0x000000d4   Section       52  __scatter.o(!!!scatter)
    !!handler_copy                           0x00000108   Section       26  __scatter_copy.o(!!handler_copy)
    !!handler_zi                             0x00000124   Section       28  __scatter_zi.o(!!handler_zi)
    .ARM.Collect$$libinit$$00000000          0x00000140   Section        6  libinit.o(.ARM.Collect$$libinit$$00000000)
    .ARM.Collect$$libinit$$00000006          0x00000146   Section        0  libinit2.o(.ARM.Collect$$libinit$$00000006)
    .ARM.Collect$$libinit$$00000008          0x00000146   Section        0  libinit2.o(.ARM.Collect$$libinit$$00000008)
    .ARM.Collect$$libinit$$0000000A          0x00000146   Section        0  libinit2.o(.ARM.Collect$$libinit$$0000000A)
    .ARM.Collect$$libinit$$0000000D          0x00000146   Section        0  libinit2.o(.ARM.Collect$$libinit$$0000000D)
    .ARM.Collect$$libinit$$0000000F          0x00000146   Section        0  libinit2.o(.ARM.Collect$$libinit$$0000000F)
    .ARM.Collect$$libinit$$00000011          0x00000146   Section        0  libinit2.o(.ARM.Collect$$libinit$$00000011)
    .ARM.Collect$$libinit$$00000013          0x00000146   Section        0  libinit2.o(.ARM.Collect$$libinit$$00000013)
    .ARM.Collect$$libinit$$00000015          0x00000146   Section        0  libinit2.o(.ARM.Collect$$libinit$$00000015)
    .ARM.Collect$$libinit$$00000017          0x00000146   Section        0  libinit2.o(.ARM.Collect$$libinit$$00000017)
    .ARM.Collect$$libinit$$00000019          0x00000146   Section        0  libinit2.o(.ARM.Collect$$libinit$$00000019)
    .ARM.Collect$$libinit$$0000001B          0x00000146   Section        0  libinit2.o(.ARM.Collect$$libinit$$0000001B)
    .ARM.Collect$$libinit$$0000001D          0x00000146   Section        0  libinit2.o(.ARM.Collect$$libinit$$0000001D)
    .ARM.Collect$$libinit$$0000001F          0x00000146   Section        0  libinit2.o(.ARM.Collect$$libinit$$0000001F)
    .ARM.Collect$$libinit$$00000021          0x00000146   Section        0  libinit2.o(.ARM.Collect$$libinit$$00000021)
    .ARM.Collect$$libinit$$00000028          0x00000146   Section        0  libinit2.o(.ARM.Collect$$libinit$$00000028)
    .ARM.Collect$$libinit$$0000002A          0x00000146   Section        0  libinit2.o(.ARM.Collect$$libinit$$0000002A)
    .ARM.Collect$$libinit$$0000002C          0x00000146   Section        0  libinit2.o(.ARM.Collect$$libinit$$0000002C)
    .ARM.Collect$$libinit$$0000002E          0x00000146   Section        0  libinit2.o(.ARM.Collect$$libinit$$0000002E)
    .ARM.Collect$$libinit$$0000002F          0x00000146   Section        2  libinit2.o(.ARM.Collect$$libinit$$0000002F)
    .ARM.Collect$$libshutdown$$00000000      0x00000148   Section        2  libshutdown.o(.ARM.Collect$$libshutdown$$00000000)
    .ARM.Collect$$libshutdown$$00000003      0x0000014a   Section        0  libshutdown2.o(.ARM.Collect$$libshutdown$$00000003)
    .ARM.Collect$$libshutdown$$00000006      0x0000014a   Section        0  libshutdown2.o(.ARM.Collect$$libshutdown$$00000006)
    .ARM.Collect$$libshutdown$$00000009      0x0000014a   Section        0  libshutdown2.o(.ARM.Collect$$libshutdown$$00000009)
    .ARM.Collect$$libshutdown$$0000000B      0x0000014a   Section        0  libshutdown2.o(.ARM.Collect$$libshutdown$$0000000B)
    .ARM.Collect$$libshutdown$$0000000E      0x0000014a   Section        0  libshutdown2.o(.ARM.Collect$$libshutdown$$0000000E)
    .ARM.Collect$$libshutdown$$0000000F      0x0000014a   Section        2  libshutdown2.o(.ARM.Collect$$libshutdown$$0000000F)
    .ARM.Collect$$rtentry$$00000000          0x0000014c   Section        0  rtentry.o(.ARM.Collect$$rtentry$$00000000)
    .ARM.Collect$$rtentry$$00000002          0x0000014c   Section        0  rtentry2.o(.ARM.Collect$$rtentry$$00000002)
    .ARM.Collect$$rtentry$$00000004          0x0000014c   Section        6  rtentry4.o(.ARM.Collect$$rtentry$$00000004)
    .ARM.Collect$$rtentry$$00000009          0x00000152   Section        0  rtentry2.o(.ARM.Collect$$rtentry$$00000009)
    .ARM.Collect$$rtentry$$0000000A          0x00000152   Section        4  rtentry2.o(.ARM.Collect$$rtentry$$0000000A)
    .ARM.Collect$$rtentry$$0000000C          0x00000156   Section        0  rtentry2.o(.ARM.Collect$$rtentry$$0000000C)
    .ARM.Collect$$rtentry$$0000000D          0x00000156   Section        8  rtentry2.o(.ARM.Collect$$rtentry$$0000000D)
    .ARM.Collect$$rtexit$$00000000           0x0000015e   Section        2  rtexit.o(.ARM.Collect$$rtexit$$00000000)
    .ARM.Collect$$rtexit$$00000002           0x00000160   Section        0  rtexit2.o(.ARM.Collect$$rtexit$$00000002)
    .ARM.Collect$$rtexit$$00000003           0x00000160   Section        4  rtexit2.o(.ARM.Collect$$rtexit$$00000003)
    .ARM.Collect$$rtexit$$00000004           0x00000164   Section        6  rtexit2.o(.ARM.Collect$$rtexit$$00000004)
    .text                                    0x0000016c   Section       52  startup_lpc17xx.o(.text)
    .text                                    0x000001a0   Section        0  lpc17xx_clkpwr.o(.text)
    .ARM.__at_0x02FC                         0x000002fc   Section        4  startup_lpc17xx.o(.ARM.__at_0x02FC)
    .text                                    0x00000300   Section        0  system_lpc17xx.o(.text)
    .text                                    0x000005b0   Section        0  lpc17xx_nvic.o(.text)
    .text                                    0x00000678   Section        0  lpc17xx_pinsel.o(.text)
    set_PinFunc                              0x00000679   Thumb Code    56  lpc17xx_pinsel.o(.text)
    set_ResistorMode                         0x000006b1   Thumb Code    58  lpc17xx_pinsel.o(.text)
    set_OpenDrainMode                        0x000006eb   Thumb Code    42  lpc17xx_pinsel.o(.text)
    .text                                    0x00000770   Section        0  lpc17xx_timer.o(.text)
    getPClock                                0x00000771   Thumb Code    66  lpc17xx_timer.o(.text)
    converUSecToVal                          0x000007b3   Thumb Code    56  lpc17xx_timer.o(.text)
    converPtrToTimeNum                       0x000007eb   Thumb Code    46  lpc17xx_timer.o(.text)
    .text                                    0x00000de4   Section        0  lpc17xx_uart.o(.text)
    uart_set_divisors                        0x00000de5   Thumb Code   616  lpc17xx_uart.o(.text)
    .text                                    0x00001d00   Section        0  hiduser.o(.text)
    .text                                    0x00001d98   Section        0  usbcore.o(.text)
    .text                                    0x00002138   Section        0  usbhw.o(.text)
    .text                                    0x00002684   Section        0  usbuser.o(.text)
    .text                                    0x000026f0   Section        0  main.o(.text)
    .text                                    0x00002748   Section        0  dispose.o(.text)
    .text                                    0x0000287c   Section        0  timer.o(.text)
    .text                                    0x00002978   Section        0  uart.o(.text)
    .text                                    0x00002b28   Section        0  hidio.o(.text)
    .text                                    0x00002bc8   Section      238  lludivv7m.o(.text)
    .text                                    0x00002cb6   Section        0  heapauxi.o(.text)
    .text                                    0x00002cbc   Section       74  sys_stackheap_outer.o(.text)
    .text                                    0x00002d06   Section        0  exit.o(.text)
    .text                                    0x00002d14   Section        8  libspace.o(.text)
    .text                                    0x00002d1c   Section       20  sys_exit.o(.text)
    .text                                    0x00002d30   Section       12  rt_fp_status_addr_intlibspace.o(.text)
    .text                                    0x00002d3c   Section        2  use_no_semi.o(.text)
    i.USB_ReqGetDescriptor                   0x00002d40   Section        0  usbcore.o(i.USB_ReqGetDescriptor)
    i.USB_ReqGetStatus                       0x00002e44   Section        0  usbcore.o(i.USB_ReqGetStatus)
    i.USB_ReqSetClrFeature                   0x00002f04   Section        0  usbcore.o(i.USB_ReqSetClrFeature)
    i.USB_ReqSetConfiguration                0x00002ff0   Section        0  usbcore.o(i.USB_ReqSetConfiguration)
    i.USB_ReqSetInterface                    0x000031a8   Section        0  usbcore.o(i.USB_ReqSetInterface)
    x$fpl$fpinit                             0x000032dc   Section       14  fpinit.o(x$fpl$fpinit)
    .constdata                               0x000032ea   Section      202  usbdesc.o(.constdata)
    .constdata                               0x000033b4   Section       64  usbuser.o(.constdata)
    .data                                    0x10000000   Section        4  system_lpc17xx.o(.data)
    .data                                    0x10000004   Section        9  hiduser.o(.data)
    .data                                    0x10000010   Section       36  usbcore.o(.data)
    .data                                    0x10000034   Section        4  dispose.o(.data)
    cmd_flag                                 0x10000034   Data           1  dispose.o(.data)
    state                                    0x10000035   Data           1  dispose.o(.data)
    .data                                    0x10000038   Section        4  timer.o(.data)
    .data                                    0x1000003c   Section        2  uart.o(.data)
    .data                                    0x1000003e   Section       18  hidio.o(.data)
    .bss                                     0x10000050   Section       16  usbcore.o(.bss)
    .bss                                     0x10000060   Section      256  uart.o(.bss)
    .bss                                     0x10000160   Section       96  libspace.o(.bss)
    HEAP                                     0x100001c0   Section        0  startup_lpc17xx.o(HEAP)
    STACK                                    0x100001c0   Section      512  startup_lpc17xx.o(STACK)
    Heap_Mem                                 0x100001c0   Data           0  startup_lpc17xx.o(HEAP)
    Stack_Mem                                0x100001c0   Data         512  startup_lpc17xx.o(STACK)
    __initial_sp                             0x100003c0   Data           0  startup_lpc17xx.o(STACK)

    Global Symbols

    Symbol Name                              Value     Ov Type        Size  Object(Section)

    BuildAttributes$$THM_ISAv4$P$D$K$B$S$PE$A:L22UL41UL21$X:L11$S22US41US21$IEEE1$IW$USESV6$~STKCKD$USESV7$~SHL$OSPACE$ROPI$EBA8$UX$STANDARDLIB$REQ8$PRES8$EABIv2 0x00000000   Number         0  anon$$obj.o ABSOLUTE
    __ARM_use_no_argv                        0x00000000   Number         0  main.o ABSOLUTE
    __Vectors                                0x00000000   Data           4  startup_lpc17xx.o(RESET)
    __ARM_exceptions_init                     - Undefined Weak Reference
    __alloca_initialize                       - Undefined Weak Reference
    __cpp_initialize__aeabi_                  - Undefined Weak Reference
    __cxa_finalize                            - Undefined Weak Reference
    __fpl_infinity                            - Undefined Weak Reference
    __rt_locale                               - Undefined Weak Reference
    __sigvec_lookup                           - Undefined Weak Reference
    _atexit_init                              - Undefined Weak Reference
    _call_atexit_fns                          - Undefined Weak Reference
    _clock_init                               - Undefined Weak Reference
    _fp_trap_init                             - Undefined Weak Reference
    _fp_trap_shutdown                         - Undefined Weak Reference
    _get_lc_collate                           - Undefined Weak Reference
    _get_lc_ctype                             - Undefined Weak Reference
    _get_lc_monetary                          - Undefined Weak Reference
    _get_lc_numeric                           - Undefined Weak Reference
    _get_lc_time                              - Undefined Weak Reference
    _getenv_init                              - Undefined Weak Reference
    _handle_redirection                       - Undefined Weak Reference
    _init_alloc                               - Undefined Weak Reference
    _init_user_alloc                          - Undefined Weak Reference
    _initio                                   - Undefined Weak Reference
    _rand_init                                - Undefined Weak Reference
    _signal_finish                            - Undefined Weak Reference
    _signal_init                              - Undefined Weak Reference
    _terminate_alloc                          - Undefined Weak Reference
    _terminate_user_alloc                     - Undefined Weak Reference
    _terminateio                              - Undefined Weak Reference
    __main                                   0x000000cd   Thumb Code     8  __main.o(!!!main)
    __scatterload                            0x000000d5   Thumb Code     0  __scatter.o(!!!scatter)
    __scatterload_rt2                        0x000000d5   Thumb Code    44  __scatter.o(!!!scatter)
    __scatterload_rt2_thumb_only             0x000000d5   Thumb Code     0  __scatter.o(!!!scatter)
    __scatterload_null                       0x000000e3   Thumb Code     0  __scatter.o(!!!scatter)
    __scatterload_copy                       0x00000109   Thumb Code    26  __scatter_copy.o(!!handler_copy)
    __scatterload_zeroinit                   0x00000125   Thumb Code    28  __scatter_zi.o(!!handler_zi)
    __rt_lib_init                            0x00000141   Thumb Code     0  libinit.o(.ARM.Collect$$libinit$$00000000)
    __rt_lib_init_alloca_1                   0x00000147   Thumb Code     0  libinit2.o(.ARM.Collect$$libinit$$0000002A)
    __rt_lib_init_argv_1                     0x00000147   Thumb Code     0  libinit2.o(.ARM.Collect$$libinit$$00000028)
    __rt_lib_init_atexit_1                   0x00000147   Thumb Code     0  libinit2.o(.ARM.Collect$$libinit$$00000017)
    __rt_lib_init_clock_1                    0x00000147   Thumb Code     0  libinit2.o(.ARM.Collect$$libinit$$0000001D)
    __rt_lib_init_cpp_1                      0x00000147   Thumb Code     0  libinit2.o(.ARM.Collect$$libinit$$0000002E)
    __rt_lib_init_exceptions_1               0x00000147   Thumb Code     0  libinit2.o(.ARM.Collect$$libinit$$0000002C)
    __rt_lib_init_fp_trap_1                  0x00000147   Thumb Code     0  libinit2.o(.ARM.Collect$$libinit$$0000001B)
    __rt_lib_init_getenv_1                   0x00000147   Thumb Code     0  libinit2.o(.ARM.Collect$$libinit$$0000001F)
    __rt_lib_init_heap_1                     0x00000147   Thumb Code     0  libinit2.o(.ARM.Collect$$libinit$$00000006)
    __rt_lib_init_lc_collate_1               0x00000147   Thumb Code     0  libinit2.o(.ARM.Collect$$libinit$$0000000D)
    __rt_lib_init_lc_ctype_1                 0x00000147   Thumb Code     0  libinit2.o(.ARM.Collect$$libinit$$0000000F)
    __rt_lib_init_lc_monetary_1              0x00000147   Thumb Code     0  libinit2.o(.ARM.Collect$$libinit$$00000011)
    __rt_lib_init_lc_numeric_1               0x00000147   Thumb Code     0  libinit2.o(.ARM.Collect$$libinit$$00000013)
    __rt_lib_init_lc_time_1                  0x00000147   Thumb Code     0  libinit2.o(.ARM.Collect$$libinit$$00000015)
    __rt_lib_init_rand_1                     0x00000147   Thumb Code     0  libinit2.o(.ARM.Collect$$libinit$$0000000A)
    __rt_lib_init_return                     0x00000147   Thumb Code     0  libinit2.o(.ARM.Collect$$libinit$$0000002F)
    __rt_lib_init_signal_1                   0x00000147   Thumb Code     0  libinit2.o(.ARM.Collect$$libinit$$00000019)
    __rt_lib_init_stdio_1                    0x00000147   Thumb Code     0  libinit2.o(.ARM.Collect$$libinit$$00000021)
    __rt_lib_init_user_alloc_1               0x00000147   Thumb Code     0  libinit2.o(.ARM.Collect$$libinit$$00000008)
    __rt_lib_shutdown                        0x00000149   Thumb Code     0  libshutdown.o(.ARM.Collect$$libshutdown$$00000000)
    __rt_lib_shutdown_fp_trap_1              0x0000014b   Thumb Code     0  libshutdown2.o(.ARM.Collect$$libshutdown$$00000006)
    __rt_lib_shutdown_heap_1                 0x0000014b   Thumb Code     0  libshutdown2.o(.ARM.Collect$$libshutdown$$0000000E)
    __rt_lib_shutdown_return                 0x0000014b   Thumb Code     0  libshutdown2.o(.ARM.Collect$$libshutdown$$0000000F)
    __rt_lib_shutdown_signal_1               0x0000014b   Thumb Code     0  libshutdown2.o(.ARM.Collect$$libshutdown$$00000009)
    __rt_lib_shutdown_stdio_1                0x0000014b   Thumb Code     0  libshutdown2.o(.ARM.Collect$$libshutdown$$00000003)
    __rt_lib_shutdown_user_alloc_1           0x0000014b   Thumb Code     0  libshutdown2.o(.ARM.Collect$$libshutdown$$0000000B)
    __rt_entry                               0x0000014d   Thumb Code     0  rtentry.o(.ARM.Collect$$rtentry$$00000000)
    __rt_entry_presh_1                       0x0000014d   Thumb Code     0  rtentry2.o(.ARM.Collect$$rtentry$$00000002)
    __rt_entry_sh                            0x0000014d   Thumb Code     0  rtentry4.o(.ARM.Collect$$rtentry$$00000004)
    __rt_entry_li                            0x00000153   Thumb Code     0  rtentry2.o(.ARM.Collect$$rtentry$$0000000A)
    __rt_entry_postsh_1                      0x00000153   Thumb Code     0  rtentry2.o(.ARM.Collect$$rtentry$$00000009)
    __rt_entry_main                          0x00000157   Thumb Code     0  rtentry2.o(.ARM.Collect$$rtentry$$0000000D)
    __rt_entry_postli_1                      0x00000157   Thumb Code     0  rtentry2.o(.ARM.Collect$$rtentry$$0000000C)
    __rt_exit                                0x0000015f   Thumb Code     0  rtexit.o(.ARM.Collect$$rtexit$$00000000)
    __rt_exit_ls                             0x00000161   Thumb Code     0  rtexit2.o(.ARM.Collect$$rtexit$$00000003)
    __rt_exit_prels_1                        0x00000161   Thumb Code     0  rtexit2.o(.ARM.Collect$$rtexit$$00000002)
    __rt_exit_exit                           0x00000165   Thumb Code     0  rtexit2.o(.ARM.Collect$$rtexit$$00000004)
    Reset_Handler                            0x0000016d   Thumb Code     4  startup_lpc17xx.o(.text)
    NMI_Handler                              0x00000171   Thumb Code     2  startup_lpc17xx.o(.text)
    HardFault_Handler                        0x00000173   Thumb Code     2  startup_lpc17xx.o(.text)
    MemManage_Handler                        0x00000175   Thumb Code     2  startup_lpc17xx.o(.text)
    BusFault_Handler                         0x00000177   Thumb Code     2  startup_lpc17xx.o(.text)
    UsageFault_Handler                       0x00000179   Thumb Code     2  startup_lpc17xx.o(.text)
    SVC_Handler                              0x0000017b   Thumb Code     2  startup_lpc17xx.o(.text)
    DebugMon_Handler                         0x0000017d   Thumb Code     2  startup_lpc17xx.o(.text)
    PendSV_Handler                           0x0000017f   Thumb Code     2  startup_lpc17xx.o(.text)
    SysTick_Handler                          0x00000181   Thumb Code     2  startup_lpc17xx.o(.text)
    ADC_IRQHandler                           0x00000183   Thumb Code     0  startup_lpc17xx.o(.text)
    BOD_IRQHandler                           0x00000183   Thumb Code     0  startup_lpc17xx.o(.text)
    CANActivity_IRQHandler                   0x00000183   Thumb Code     0  startup_lpc17xx.o(.text)
    CAN_IRQHandler                           0x00000183   Thumb Code     0  startup_lpc17xx.o(.text)
    DMA_IRQHandler                           0x00000183   Thumb Code     0  startup_lpc17xx.o(.text)
    EINT0_IRQHandler                         0x00000183   Thumb Code     0  startup_lpc17xx.o(.text)
    EINT1_IRQHandler                         0x00000183   Thumb Code     0  startup_lpc17xx.o(.text)
    EINT2_IRQHandler                         0x00000183   Thumb Code     0  startup_lpc17xx.o(.text)
    EINT3_IRQHandler                         0x00000183   Thumb Code     0  startup_lpc17xx.o(.text)
    ENET_IRQHandler                          0x00000183   Thumb Code     0  startup_lpc17xx.o(.text)
    I2C0_IRQHandler                          0x00000183   Thumb Code     0  startup_lpc17xx.o(.text)
    I2C1_IRQHandler                          0x00000183   Thumb Code     0  startup_lpc17xx.o(.text)
    I2C2_IRQHandler                          0x00000183   Thumb Code     0  startup_lpc17xx.o(.text)
    I2S_IRQHandler                           0x00000183   Thumb Code     0  startup_lpc17xx.o(.text)
    MCPWM_IRQHandler                         0x00000183   Thumb Code     0  startup_lpc17xx.o(.text)
    PLL0_IRQHandler                          0x00000183   Thumb Code     0  startup_lpc17xx.o(.text)
    PLL1_IRQHandler                          0x00000183   Thumb Code     0  startup_lpc17xx.o(.text)
    PWM1_IRQHandler                          0x00000183   Thumb Code     0  startup_lpc17xx.o(.text)
    QEI_IRQHandler                           0x00000183   Thumb Code     0  startup_lpc17xx.o(.text)
    RIT_IRQHandler                           0x00000183   Thumb Code     0  startup_lpc17xx.o(.text)
    RTC_IRQHandler                           0x00000183   Thumb Code     0  startup_lpc17xx.o(.text)
    SPI_IRQHandler                           0x00000183   Thumb Code     0  startup_lpc17xx.o(.text)
    SSP0_IRQHandler                          0x00000183   Thumb Code     0  startup_lpc17xx.o(.text)
    SSP1_IRQHandler                          0x00000183   Thumb Code     0  startup_lpc17xx.o(.text)
    TIMER1_IRQHandler                        0x00000183   Thumb Code     0  startup_lpc17xx.o(.text)
    TIMER2_IRQHandler                        0x00000183   Thumb Code     0  startup_lpc17xx.o(.text)
    TIMER3_IRQHandler                        0x00000183   Thumb Code     0  startup_lpc17xx.o(.text)
    UART0_IRQHandler                         0x00000183   Thumb Code     0  startup_lpc17xx.o(.text)
    UART1_IRQHandler                         0x00000183   Thumb Code     0  startup_lpc17xx.o(.text)
    UART2_IRQHandler                         0x00000183   Thumb Code     0  startup_lpc17xx.o(.text)
    USBActivity_IRQHandler                   0x00000183   Thumb Code     0  startup_lpc17xx.o(.text)
    WDT_IRQHandler                           0x00000183   Thumb Code     0  startup_lpc17xx.o(.text)
    __user_initial_stackheap                 0x00000185   Thumb Code     0  startup_lpc17xx.o(.text)
    CLKPWR_SetPCLKDiv                        0x000001a1   Thumb Code   104  lpc17xx_clkpwr.o(.text)
    CLKPWR_GetPCLKSEL                        0x00000209   Thumb Code    32  lpc17xx_clkpwr.o(.text)
    CLKPWR_GetPCLK                           0x00000229   Thumb Code    58  lpc17xx_clkpwr.o(.text)
    CLKPWR_ConfigPPWR                        0x00000263   Thumb Code    50  lpc17xx_clkpwr.o(.text)
    CLKPWR_Sleep                             0x00000295   Thumb Code    10  lpc17xx_clkpwr.o(.text)
    CLKPWR_DeepSleep                         0x0000029f   Thumb Code    20  lpc17xx_clkpwr.o(.text)
    CLKPWR_PowerDown                         0x000002b3   Thumb Code    20  lpc17xx_clkpwr.o(.text)
    CLKPWR_DeepPowerDown                     0x000002c7   Thumb Code    20  lpc17xx_clkpwr.o(.text)
    SystemCoreClockUpdate                    0x00000301   Thumb Code   312  system_lpc17xx.o(.text)
    SystemInit                               0x00000439   Thumb Code   296  system_lpc17xx.o(.text)
    NVIC_DeInit                              0x000005b1   Thumb Code    60  lpc17xx_nvic.o(.text)
    NVIC_SCBDeInit                           0x000005ed   Thumb Code    94  lpc17xx_nvic.o(.text)
    NVIC_SetVTOR                             0x0000064b   Thumb Code     6  lpc17xx_nvic.o(.text)
    PINSEL_ConfigTraceFunc                   0x00000715   Thumb Code    34  lpc17xx_pinsel.o(.text)
    PINSEL_SetI2C0Pins                       0x00000737   Thumb Code    16  lpc17xx_pinsel.o(.text)
    PINSEL_ConfigPin                         0x00000747   Thumb Code    36  lpc17xx_pinsel.o(.text)
    TIM_GetIntStatus                         0x00000819   Thumb Code    92  lpc17xx_timer.o(.text)
    TIM_GetIntCaptureStatus                  0x00000875   Thumb Code    94  lpc17xx_timer.o(.text)
    TIM_ClearIntPending                      0x000008d3   Thumb Code    80  lpc17xx_timer.o(.text)
    TIM_ClearIntCapturePending               0x00000923   Thumb Code    82  lpc17xx_timer.o(.text)
    TIM_ConfigStructInit                     0x00000975   Thumb Code    26  lpc17xx_timer.o(.text)
    TIM_Init                                 0x0000098f   Thumb Code   274  lpc17xx_timer.o(.text)
    TIM_DeInit                               0x00000aa1   Thumb Code   112  lpc17xx_timer.o(.text)
    TIM_Cmd                                  0x00000b11   Thumb Code    66  lpc17xx_timer.o(.text)
    TIM_ResetCounter                         0x00000b53   Thumb Code    58  lpc17xx_timer.o(.text)
    TIM_ConfigMatch                          0x00000b8d   Thumb Code   302  lpc17xx_timer.o(.text)
    TIM_UpdateMatchValue                     0x00000cbb   Thumb Code    86  lpc17xx_timer.o(.text)
    TIM_ConfigCapture                        0x00000d11   Thumb Code   126  lpc17xx_timer.o(.text)
    TIM_GetCaptureValue                      0x00000d8f   Thumb Code    74  lpc17xx_timer.o(.text)
    UART_Init                                0x0000104d   Thumb Code   558  lpc17xx_uart.o(.text)
    UART_TxCmd                               0x0000127b   Thumb Code   132  lpc17xx_uart.o(.text)
    UART_DeInit                              0x000012ff   Thumb Code   112  lpc17xx_uart.o(.text)
    UART_ConfigStructInit                    0x0000136f   Thumb Code    18  lpc17xx_uart.o(.text)
    UART_SendByte                            0x00001381   Thumb Code    58  lpc17xx_uart.o(.text)
    UART_ReceiveByte                         0x000013bb   Thumb Code    56  lpc17xx_uart.o(.text)
    UART_Send                                0x000013f3   Thumb Code   170  lpc17xx_uart.o(.text)
    UART_Receive                             0x0000149d   Thumb Code   136  lpc17xx_uart.o(.text)
    UART_ForceBreak                          0x00001525   Thumb Code    68  lpc17xx_uart.o(.text)
    UART_IntConfig                           0x00001569   Thumb Code   276  lpc17xx_uart.o(.text)
    UART_GetLineStatus                       0x0000167d   Thumb Code    56  lpc17xx_uart.o(.text)
    UART_GetIntId                            0x000016b5   Thumb Code    52  lpc17xx_uart.o(.text)
    UART_CheckBusy                           0x000016e9   Thumb Code    18  lpc17xx_uart.o(.text)
    UART_FIFOConfig                          0x000016fb   Thumb Code   254  lpc17xx_uart.o(.text)
    UART_FIFOConfigStructInit                0x000017f9   Thumb Code    14  lpc17xx_uart.o(.text)
    UART_ABCmd                               0x00001807   Thumb Code   192  lpc17xx_uart.o(.text)
    UART_ABClearIntPending                   0x000018c7   Thumb Code    66  lpc17xx_uart.o(.text)
    UART_IrDAInvtInputCmd                    0x00001909   Thumb Code    80  lpc17xx_uart.o(.text)
    UART_IrDACmd                             0x00001959   Thumb Code    78  lpc17xx_uart.o(.text)
    UART_IrDAPulseDivConfig                  0x000019a7   Thumb Code   102  lpc17xx_uart.o(.text)
    UART_FullModemForcePinState              0x00001a0d   Thumb Code   134  lpc17xx_uart.o(.text)
    UART_FullModemConfigMode                 0x00001a93   Thumb Code   128  lpc17xx_uart.o(.text)
    UART_FullModemGetStatus                  0x00001b13   Thumb Code    28  lpc17xx_uart.o(.text)
    UART_RS485Config                         0x00001b2f   Thumb Code   300  lpc17xx_uart.o(.text)
    UART_RS485ReceiverCmd                    0x00001c5b   Thumb Code    32  lpc17xx_uart.o(.text)
    UART_RS485Send                           0x00001c7b   Thumb Code    90  lpc17xx_uart.o(.text)
    UART_RS485SendSlvAddr                    0x00001cd5   Thumb Code    18  lpc17xx_uart.o(.text)
    UART_RS485SendData                       0x00001ce7   Thumb Code    22  lpc17xx_uart.o(.text)
    HID_GetReport                            0x00001d01   Thumb Code    34  hiduser.o(.text)
    HID_SetReport                            0x00001d23   Thumb Code    46  hiduser.o(.text)
    HID_GetIdle                              0x00001d51   Thumb Code    16  hiduser.o(.text)
    HID_SetIdle                              0x00001d61   Thumb Code    16  hiduser.o(.text)
    HID_GetProtocol                          0x00001d71   Thumb Code    12  hiduser.o(.text)
    HID_SetProtocol                          0x00001d7d   Thumb Code    12  hiduser.o(.text)
    USB_ResetCore                            0x00001d99   Thumb Code    34  usbcore.o(.text)
    USB_SetupStage                           0x00001dbb   Thumb Code    12  usbcore.o(.text)
    USB_DataInStage                          0x00001dc7   Thumb Code    52  usbcore.o(.text)
    USB_DataOutStage                         0x00001dfb   Thumb Code    34  usbcore.o(.text)
    USB_StatusInStage                        0x00001e1d   Thumb Code    14  usbcore.o(.text)
    USB_StatusOutStage                       0x00001e2b   Thumb Code    12  usbcore.o(.text)
    USB_EndPoint0                            0x00001e37   Thumb Code   724  usbcore.o(.text)
    EPAdr                                    0x00002139   Thumb Code    16  usbhw.o(.text)
    WrCmd                                    0x00002149   Thumb Code    26  usbhw.o(.text)
    WrCmdDat                                 0x00002163   Thumb Code    50  usbhw.o(.text)
    WrCmdEP                                  0x00002195   Thumb Code    70  usbhw.o(.text)
    RdCmdDat                                 0x000021db   Thumb Code    32  usbhw.o(.text)
    USB_SetAddress                           0x000021fb   Thumb Code    42  usbhw.o(.text)
    USB_Reset                                0x00002225   Thumb Code    76  usbhw.o(.text)
    USB_Init                                 0x00002271   Thumb Code   140  usbhw.o(.text)
    USB_Connect                              0x000022fd   Thumb Code    28  usbhw.o(.text)
    USB_Suspend                              0x00002319   Thumb Code     2  usbhw.o(.text)
    USB_Resume                               0x0000231b   Thumb Code     2  usbhw.o(.text)
    USB_WakeUp                               0x0000231d   Thumb Code    22  usbhw.o(.text)
    USB_WakeUpCfg                            0x00002333   Thumb Code     2  usbhw.o(.text)
    USB_Configure                            0x00002335   Thumb Code    54  usbhw.o(.text)
    USB_ConfigEP                             0x0000236b   Thumb Code    68  usbhw.o(.text)
    USB_DirCtrlEP                            0x000023af   Thumb Code     2  usbhw.o(.text)
    USB_EnableEP                             0x000023b1   Thumb Code    26  usbhw.o(.text)
    USB_DisableEP                            0x000023cb   Thumb Code    26  usbhw.o(.text)
    USB_ResetEP                              0x000023e5   Thumb Code    26  usbhw.o(.text)
    USB_SetStallEP                           0x000023ff   Thumb Code    26  usbhw.o(.text)
    USB_ClrStallEP                           0x00002419   Thumb Code    26  usbhw.o(.text)
    USB_ClearEPBuf                           0x00002433   Thumb Code    14  usbhw.o(.text)
    USB_ReadEP                               0x00002441   Thumb Code    98  usbhw.o(.text)
    USB_WriteEP                              0x000024a3   Thumb Code    74  usbhw.o(.text)
    USB_GetFrame                             0x000024ed   Thumb Code    30  usbhw.o(.text)
    USB_IRQHandler                           0x0000250b   Thumb Code   354  usbhw.o(.text)
    USB_Reset_Event                          0x00002685   Thumb Code     8  usbuser.o(.text)
    USB_Configure_Event                      0x0000268d   Thumb Code    26  usbuser.o(.text)
    USB_EndPoint1                            0x000026a7   Thumb Code    28  usbuser.o(.text)
    USB_EndPoint2                            0x000026c3   Thumb Code     2  usbuser.o(.text)
    USB_EndPoint3                            0x000026c5   Thumb Code     2  usbuser.o(.text)
    USB_EndPoint4                            0x000026c7   Thumb Code     2  usbuser.o(.text)
    USB_EndPoint5                            0x000026c9   Thumb Code     2  usbuser.o(.text)
    USB_EndPoint6                            0x000026cb   Thumb Code     2  usbuser.o(.text)
    USB_EndPoint7                            0x000026cd   Thumb Code     2  usbuser.o(.text)
    USB_EndPoint8                            0x000026cf   Thumb Code     2  usbuser.o(.text)
    USB_EndPoint9                            0x000026d1   Thumb Code     2  usbuser.o(.text)
    USB_EndPoint10                           0x000026d3   Thumb Code     2  usbuser.o(.text)
    USB_EndPoint11                           0x000026d5   Thumb Code     2  usbuser.o(.text)
    USB_EndPoint12                           0x000026d7   Thumb Code     2  usbuser.o(.text)
    USB_EndPoint13                           0x000026d9   Thumb Code     2  usbuser.o(.text)
    USB_EndPoint14                           0x000026db   Thumb Code     2  usbuser.o(.text)
    USB_EndPoint15                           0x000026dd   Thumb Code     2  usbuser.o(.text)
    main                                     0x000026f1   Thumb Code    76  main.o(.text)
    check_failed                             0x0000273d   Thumb Code     4  main.o(.text)
    InquireUartRecvBuffer                    0x00002749   Thumb Code    96  dispose.o(.text)
    CheckData                                0x000027a9   Thumb Code    74  dispose.o(.text)
    Dispose                                  0x000027f3   Thumb Code   114  dispose.o(.text)
    TimerInit                                0x0000287d   Thumb Code   144  timer.o(.text)
    TIMER0_IRQHandler                        0x0000290d   Thumb Code    46  timer.o(.text)
    StartTimer                               0x0000293b   Thumb Code    22  timer.o(.text)
    StopTimer                                0x00002951   Thumb Code    14  timer.o(.text)
    ResetTimer                               0x0000295f   Thumb Code     8  timer.o(.text)
    UartInit                                 0x00002979   Thumb Code   232  uart.o(.text)
    FifoWriteOneByte                         0x00002a61   Thumb Code    78  uart.o(.text)
    UART3_IRQHandler                         0x00002aaf   Thumb Code    58  uart.o(.text)
    UART3SendData                            0x00002ae9   Thumb Code    18  uart.o(.text)
    UART1SendData                            0x00002afb   Thumb Code    18  uart.o(.text)
    InitInFrame                              0x00002b29   Thumb Code    26  hidio.o(.text)
    SetInFrame                               0x00002b43   Thumb Code    36  hidio.o(.text)
    SendInFrameToEndpoint                    0x00002b67   Thumb Code    20  hidio.o(.text)
    SetOutFrame                              0x00002b7b   Thumb Code    56  hidio.o(.text)
    __aeabi_uldivmod                         0x00002bc9   Thumb Code     0  lludivv7m.o(.text)
    _ll_udiv                                 0x00002bc9   Thumb Code   238  lludivv7m.o(.text)
    __use_two_region_memory                  0x00002cb7   Thumb Code     2  heapauxi.o(.text)
    __rt_heap_escrow$2region                 0x00002cb9   Thumb Code     2  heapauxi.o(.text)
    __rt_heap_expand$2region                 0x00002cbb   Thumb Code     2  heapauxi.o(.text)
    __user_setup_stackheap                   0x00002cbd   Thumb Code    74  sys_stackheap_outer.o(.text)
    exit                                     0x00002d07   Thumb Code    12  exit.o(.text)
    __user_libspace                          0x00002d15   Thumb Code     8  libspace.o(.text)
    __user_perproc_libspace                  0x00002d15   Thumb Code     0  libspace.o(.text)
    __user_perthread_libspace                0x00002d15   Thumb Code     0  libspace.o(.text)
    _sys_exit                                0x00002d1d   Thumb Code    16  sys_exit.o(.text)
    __rt_fp_status_addr                      0x00002d31   Thumb Code    12  rt_fp_status_addr_intlibspace.o(.text)
    __I$use$semihosting                      0x00002d3d   Thumb Code     0  use_no_semi.o(.text)
    __use_no_semihosting_swi                 0x00002d3d   Thumb Code     2  use_no_semi.o(.text)
    USB_ReqGetDescriptor                     0x00002d41   Thumb Code   230  usbcore.o(i.USB_ReqGetDescriptor)
    USB_ReqGetStatus                         0x00002e45   Thumb Code   160  usbcore.o(i.USB_ReqGetStatus)
    USB_ReqSetClrFeature                     0x00002f05   Thumb Code   210  usbcore.o(i.USB_ReqSetClrFeature)
    USB_ReqSetConfiguration                  0x00002ff1   Thumb Code   402  usbcore.o(i.USB_ReqSetConfiguration)
    USB_ReqSetInterface                      0x000031a9   Thumb Code   282  usbcore.o(i.USB_ReqSetInterface)
    _fp_init                                 0x000032dd   Thumb Code    14  fpinit.o(x$fpl$fpinit)
    __fplib_config_pureend_doubles           0x000032e9   Thumb Code     0  fpinit.o(x$fpl$fpinit)
    HID_ReportDescriptor                     0x000032ea   Data          45  usbdesc.o(.constdata)
    HID_ReportDescSize                       0x00003318   Data           2  usbdesc.o(.constdata)
    USB_DeviceDescriptor                     0x0000331a   Data          18  usbdesc.o(.constdata)
    USB_ConfigDescriptor                     0x0000332c   Data          48  usbdesc.o(.constdata)
    USB_StringDescriptor                     0x0000335c   Data          88  usbdesc.o(.constdata)
    USB_P_EP                                 0x000033b4   Data          64  usbuser.o(.constdata)
    Region$$Table$$Base                      0x000033f4   Number         0  anon$$obj.o(Region$$Table)
    Region$$Table$$Limit                     0x00003414   Number         0  anon$$obj.o(Region$$Table)
    SystemCoreClock                          0x10000000   Data           4  system_lpc17xx.o(.data)
    HID_Protocol                             0x10000004   Data           1  hiduser.o(.data)
    HID_IdleTime                             0x10000005   Data           8  hiduser.o(.data)
    USB_DeviceStatus                         0x10000010   Data           2  usbcore.o(.data)
    USB_DeviceAddress                        0x10000012   Data           1  usbcore.o(.data)
    USB_Configuration                        0x10000013   Data           1  usbcore.o(.data)
    USB_EndPointMask                         0x10000014   Data           4  usbcore.o(.data)
    USB_EndPointHalt                         0x10000018   Data           4  usbcore.o(.data)
    USB_EndPointStall                        0x1000001c   Data           4  usbcore.o(.data)
    USB_NumInterfaces                        0x10000020   Data           1  usbcore.o(.data)
    USB_AltSetting                           0x10000021   Data           1  usbcore.o(.data)
    EP0Data                                  0x10000024   Data           8  usbcore.o(.data)
    SetupPacket                              0x1000002c   Data           8  usbcore.o(.data)
    g_ComData                                0x10000036   Data           2  dispose.o(.data)
    timer_value                              0x10000038   Data           4  timer.o(.data)
    FifoHead                                 0x1000003c   Data           1  uart.o(.data)
    FifoTail                                 0x1000003d   Data           1  uart.o(.data)
    usbOutFlag                               0x1000003e   Data           1  hidio.o(.data)
    usbInBusy                                0x1000003f   Data           1  hidio.o(.data)
    gInFrame                                 0x10000040   Data           8  hidio.o(.data)
    gOutFrame                                0x10000048   Data           8  hidio.o(.data)
    EP0Buf                                   0x10000050   Data          16  usbcore.o(.bss)
    FifoBuff                                 0x10000060   Data         256  uart.o(.bss)
    __libspace_start                         0x10000160   Data          96  libspace.o(.bss)
    __temporary_stack_top$libspace           0x100001c0   Data           0  libspace.o(.bss)



==============================================================================

Memory Map of the image

  Image Entry point : 0x000000cd

  Load Region LR_IROM1 (Base: 0x00000000, Size: 0x00003464, Max: 0x00080000, ABSOLUTE)

    Execution Region ER_IROM1 (Base: 0x00000000, Size: 0x00003414, Max: 0x00080000, ABSOLUTE)

    Base Addr    Size         Type   Attr      Idx    E Section Name        Object

    0x00000000   0x000000cc   Data   RO            3    RESET               startup_lpc17xx.o
    0x000000cc   0x00000008   Code   RO          922  * !!!main             __main.o(c_w.l)
    0x000000d4   0x00000034   Code   RO         1123    !!!scatter          __scatter.o(c_w.l)
    0x00000108   0x0000001a   Code   RO         1125    !!handler_copy      __scatter_copy.o(c_w.l)
    0x00000122   0x00000002   PAD
    0x00000124   0x0000001c   Code   RO         1127    !!handler_zi        __scatter_zi.o(c_w.l)
    0x00000140   0x00000006   Code   RO          993    .ARM.Collect$$libinit$$00000000  libinit.o(c_w.l)
    0x00000146   0x00000000   Code   RO         1007    .ARM.Collect$$libinit$$00000006  libinit2.o(c_w.l)
    0x00000146   0x00000000   Code   RO         1009    .ARM.Collect$$libinit$$00000008  libinit2.o(c_w.l)
    0x00000146   0x00000000   Code   RO         1011    .ARM.Collect$$libinit$$0000000A  libinit2.o(c_w.l)
    0x00000146   0x00000000   Code   RO         1014    .ARM.Collect$$libinit$$0000000D  libinit2.o(c_w.l)
    0x00000146   0x00000000   Code   RO         1016    .ARM.Collect$$libinit$$0000000F  libinit2.o(c_w.l)
    0x00000146   0x00000000   Code   RO         1018    .ARM.Collect$$libinit$$00000011  libinit2.o(c_w.l)
    0x00000146   0x00000000   Code   RO         1020    .ARM.Collect$$libinit$$00000013  libinit2.o(c_w.l)
    0x00000146   0x00000000   Code   RO         1022    .ARM.Collect$$libinit$$00000015  libinit2.o(c_w.l)
    0x00000146   0x00000000   Code   RO         1024    .ARM.Collect$$libinit$$00000017  libinit2.o(c_w.l)
    0x00000146   0x00000000   Code   RO         1026    .ARM.Collect$$libinit$$00000019  libinit2.o(c_w.l)
    0x00000146   0x00000000   Code   RO         1028    .ARM.Collect$$libinit$$0000001B  libinit2.o(c_w.l)
    0x00000146   0x00000000   Code   RO         1030    .ARM.Collect$$libinit$$0000001D  libinit2.o(c_w.l)
    0x00000146   0x00000000   Code   RO         1032    .ARM.Collect$$libinit$$0000001F  libinit2.o(c_w.l)
    0x00000146   0x00000000   Code   RO         1034    .ARM.Collect$$libinit$$00000021  libinit2.o(c_w.l)
    0x00000146   0x00000000   Code   RO         1038    .ARM.Collect$$libinit$$00000028  libinit2.o(c_w.l)
    0x00000146   0x00000000   Code   RO         1040    .ARM.Collect$$libinit$$0000002A  libinit2.o(c_w.l)
    0x00000146   0x00000000   Code   RO         1042    .ARM.Collect$$libinit$$0000002C  libinit2.o(c_w.l)
    0x00000146   0x00000000   Code   RO         1044    .ARM.Collect$$libinit$$0000002E  libinit2.o(c_w.l)
    0x00000146   0x00000002   Code   RO         1045    .ARM.Collect$$libinit$$0000002F  libinit2.o(c_w.l)
    0x00000148   0x00000002   Code   RO         1081    .ARM.Collect$$libshutdown$$00000000  libshutdown.o(c_w.l)
    0x0000014a   0x00000000   Code   RO         1108    .ARM.Collect$$libshutdown$$00000003  libshutdown2.o(c_w.l)
    0x0000014a   0x00000000   Code   RO         1111    .ARM.Collect$$libshutdown$$00000006  libshutdown2.o(c_w.l)
    0x0000014a   0x00000000   Code   RO         1114    .ARM.Collect$$libshutdown$$00000009  libshutdown2.o(c_w.l)
    0x0000014a   0x00000000   Code   RO         1116    .ARM.Collect$$libshutdown$$0000000B  libshutdown2.o(c_w.l)
    0x0000014a   0x00000000   Code   RO         1119    .ARM.Collect$$libshutdown$$0000000E  libshutdown2.o(c_w.l)
    0x0000014a   0x00000002   Code   RO         1120    .ARM.Collect$$libshutdown$$0000000F  libshutdown2.o(c_w.l)
    0x0000014c   0x00000000   Code   RO          938    .ARM.Collect$$rtentry$$00000000  rtentry.o(c_w.l)
    0x0000014c   0x00000000   Code   RO          956    .ARM.Collect$$rtentry$$00000002  rtentry2.o(c_w.l)
    0x0000014c   0x00000006   Code   RO          971    .ARM.Collect$$rtentry$$00000004  rtentry4.o(c_w.l)
    0x00000152   0x00000000   Code   RO          958    .ARM.Collect$$rtentry$$00000009  rtentry2.o(c_w.l)
    0x00000152   0x00000004   Code   RO          959    .ARM.Collect$$rtentry$$0000000A  rtentry2.o(c_w.l)
    0x00000156   0x00000000   Code   RO          961    .ARM.Collect$$rtentry$$0000000C  rtentry2.o(c_w.l)
    0x00000156   0x00000008   Code   RO          962    .ARM.Collect$$rtentry$$0000000D  rtentry2.o(c_w.l)
    0x0000015e   0x00000002   Code   RO          997    .ARM.Collect$$rtexit$$00000000  rtexit.o(c_w.l)
    0x00000160   0x00000000   Code   RO         1051    .ARM.Collect$$rtexit$$00000002  rtexit2.o(c_w.l)
    0x00000160   0x00000004   Code   RO         1052    .ARM.Collect$$rtexit$$00000003  rtexit2.o(c_w.l)
    0x00000164   0x00000006   Code   RO         1053    .ARM.Collect$$rtexit$$00000004  rtexit2.o(c_w.l)
    0x0000016a   0x00000002   PAD
    0x0000016c   0x00000034   Code   RO            5    .text               startup_lpc17xx.o
    0x000001a0   0x0000015c   Code   RO          111    .text               lpc17xx_clkpwr.o
    0x000002fc   0x00000004   Code   RO            4    .ARM.__at_0x02FC    startup_lpc17xx.o
    0x00000300   0x000002b0   Code   RO           13    .text               system_lpc17xx.o
    0x000005b0   0x000000c8   Code   RO          279    .text               lpc17xx_nvic.o
    0x00000678   0x000000f8   Code   RO          294    .text               lpc17xx_pinsel.o
    0x00000770   0x00000674   Code   RO          411    .text               lpc17xx_timer.o
    0x00000de4   0x00000f1c   Code   RO          426    .text               lpc17xx_uart.o
    0x00001d00   0x00000098   Code   RO          453    .text               hiduser.o
    0x00001d98   0x000003a0   Code   RO          521    .text               usbcore.o
    0x00002138   0x0000054c   Code   RO          602    .text               usbhw.o
    0x00002684   0x0000006c   Code   RO          640    .text               usbuser.o
    0x000026f0   0x00000058   Code   RO          658    .text               main.o
    0x00002748   0x00000134   Code   RO          700    .text               dispose.o
    0x0000287c   0x000000fc   Code   RO          814    .text               timer.o
    0x00002978   0x000001b0   Code   RO          835    .text               uart.o
    0x00002b28   0x000000a0   Code   RO          893    .text               hidio.o
    0x00002bc8   0x000000ee   Code   RO          918    .text               lludivv7m.o(c_w.l)
    0x00002cb6   0x00000006   Code   RO          920    .text               heapauxi.o(c_w.l)
    0x00002cbc   0x0000004a   Code   RO          979    .text               sys_stackheap_outer.o(c_w.l)
    0x00002d06   0x0000000c   Code   RO          981    .text               exit.o(c_w.l)
    0x00002d12   0x00000002   PAD
    0x00002d14   0x00000008   Code   RO          994    .text               libspace.o(c_w.l)
    0x00002d1c   0x00000014   Code   RO         1048    .text               sys_exit.o(c_w.l)
    0x00002d30   0x0000000c   Code   RO         1061    .text               rt_fp_status_addr_intlibspace.o(c_w.l)
    0x00002d3c   0x00000002   Code   RO         1071    .text               use_no_semi.o(c_w.l)
    0x00002d3e   0x00000002   PAD
    0x00002d40   0x00000104   Code   RO          546    i.USB_ReqGetDescriptor  usbcore.o
    0x00002e44   0x000000c0   Code   RO          534    i.USB_ReqGetStatus  usbcore.o
    0x00002f04   0x000000ec   Code   RO          540    i.USB_ReqSetClrFeature  usbcore.o
    0x00002ff0   0x000001b8   Code   RO          552    i.USB_ReqSetConfiguration  usbcore.o
    0x000031a8   0x00000134   Code   RO          558    i.USB_ReqSetInterface  usbcore.o
    0x000032dc   0x0000000e   Code   RO         1046    x$fpl$fpinit        fpinit.o(fz_ws.l)
    0x000032ea   0x000000ca   Data   RO          590    .constdata          usbdesc.o
    0x000033b4   0x00000040   Data   RO          641    .constdata          usbuser.o
    0x000033f4   0x00000020   Data   RO         1121    Region$$Table       anon$$obj.o


    Execution Region RW_IRAM1 (Base: 0x10000000, Size: 0x000003c0, Max: 0x00008000, ABSOLUTE)

    Base Addr    Size         Type   Attr      Idx    E Section Name        Object

    0x10000000   0x00000004   Data   RW           14    .data               system_lpc17xx.o
    0x10000004   0x00000009   Data   RW          454    .data               hiduser.o
    0x1000000d   0x00000003   PAD
    0x10000010   0x00000024   Data   RW          523    .data               usbcore.o
    0x10000034   0x00000004   Data   RW          701    .data               dispose.o
    0x10000038   0x00000004   Data   RW          815    .data               timer.o
    0x1000003c   0x00000002   Data   RW          837    .data               uart.o
    0x1000003e   0x00000012   Data   RW          894    .data               hidio.o
    0x10000050   0x00000010   Zero   RW          522    .bss                usbcore.o
    0x10000060   0x00000100   Zero   RW          836    .bss                uart.o
    0x10000160   0x00000060   Zero   RW          995    .bss                libspace.o(c_w.l)
    0x100001c0   0x00000000   Zero   RW            2    HEAP                startup_lpc17xx.o
    0x100001c0   0x00000200   Zero   RW            1    STACK               startup_lpc17xx.o


==============================================================================

Image component sizes


      Code (inc. data)   RO Data    RW Data    ZI Data      Debug   Object Name

         0          0          0          0          0      11784   debug_frmwrk.o
       308         24          0          4          0       1706   dispose.o
       160         22          0         18          0       2112   hidio.o
       152         16          0          9          0       6942   hiduser.o
       348         34          0          0          0       1775   lpc17xx_clkpwr.o
       200         40          0          0          0        818   lpc17xx_nvic.o
       248          6          0          0          0       2121   lpc17xx_pinsel.o
      1652         66          0          0          0       8987   lpc17xx_timer.o
      3868        116          0          0          0      10693   lpc17xx_uart.o
        88          8          0          0          0       5960   main.o
        56         22        204          0        512        660   startup_lpc17xx.o
       688         80          0          4          0      23361   system_lpc17xx.o
       252         18          0          4          0       6416   timer.o
       432         28          0          2        256       1974   uart.o
      2364        230          0         36         16       8323   usbcore.o
         0          0        202          0          0        893   usbdesc.o
      1356        144          0          0          0      32878   usbhw.o
       108         18         64          0          0       3289   usbuser.o

    ----------------------------------------------------------------------
     12280        872        502         80        784     130692   Object Totals
         0          0         32          0          0          0   (incl. Generated)
         0          0          0          3          0          0   (incl. Padding)

    ----------------------------------------------------------------------

      Code (inc. data)   RO Data    RW Data    ZI Data      Debug   Library Member Name

         8          0          0          0          0         68   __main.o
        52          8          0          0          0          0   __scatter.o
        26          0          0          0          0          0   __scatter_copy.o
        28          0          0          0          0          0   __scatter_zi.o
        12          0          0          0          0         68   exit.o
        14          0          0          0          0         76   fpinit.o
         6          0          0          0          0        148   heapauxi.o
         6          0          0          0          0          0   libinit.o
         2          0          0          0          0          0   libinit2.o
         2          0          0          0          0          0   libshutdown.o
         2          0          0          0          0          0   libshutdown2.o
         8          4          0          0         96         68   libspace.o
       238          0          0          0          0        100   lludivv7m.o
        12          6          0          0          0         68   rt_fp_status_addr_intlibspace.o
         0          0          0          0          0          0   rtentry.o
        12          0          0          0          0          0   rtentry2.o
         6          0          0          0          0          0   rtentry4.o
         2          0          0          0          0          0   rtexit.o
        10          0          0          0          0          0   rtexit2.o
        20         10          0          0          0         68   sys_exit.o
        74          0          0          0          0         80   sys_stackheap_outer.o
         2          0          0          0          0         68   use_no_semi.o

    ----------------------------------------------------------------------
       550         28          0          0         96        812   Library Totals
         8          0          0          0          0          0   (incl. Padding)

    ----------------------------------------------------------------------

      Code (inc. data)   RO Data    RW Data    ZI Data      Debug   Library Name

       528         28          0          0         96        736   c_w.l
        14          0          0          0          0         76   fz_ws.l

    ----------------------------------------------------------------------
       550         28          0          0         96        812   Library Totals

    ----------------------------------------------------------------------

==============================================================================


      Code (inc. data)   RO Data    RW Data    ZI Data      Debug   

     12830        900        502         80        880     129204   Grand Totals
     12830        900        502         80        880     129204   ELF Image Totals
     12830        900        502         80          0          0   ROM Totals

==============================================================================

    Total RO  Size (Code + RO Data)                13332 (  13.02kB)
    Total RW  Size (RW Data + ZI Data)               960 (   0.94kB)
    Total ROM Size (Code + RO Data + RW Data)      13412 (  13.10kB)

==============================================================================

